Archive member included to satisfy reference by file (symbol)

/usr/lib/gcc/arm-none-eabi/9.2.1/thumb/v6-m/nofp/libgcc.a(_dvmd_tls.o)
                              CMakeFiles/z80_la.dir/tree/downloaded_tools/pico/pico-sdk/src/rp2_common/pico_divider/divider.S.obj (__aeabi_idiv0)
/usr/lib/gcc/arm-none-eabi/9.2.1/../../../arm-none-eabi/lib/thumb/v6-m/nofp/libc.a(lib_a-atexit.o)
                              /usr/lib/gcc/arm-none-eabi/9.2.1/../../../arm-none-eabi/lib/thumb/v6-m/nofp/crt0.o (atexit)
/usr/lib/gcc/arm-none-eabi/9.2.1/../../../arm-none-eabi/lib/thumb/v6-m/nofp/libc.a(lib_a-calloc.o)
                              CMakeFiles/z80_la.dir/tree/downloaded_tools/pico/pico-sdk/src/rp2_common/pico_malloc/pico_malloc.c.obj (calloc)
/usr/lib/gcc/arm-none-eabi/9.2.1/../../../arm-none-eabi/lib/thumb/v6-m/nofp/libc.a(lib_a-callocr.o)
                              /usr/lib/gcc/arm-none-eabi/9.2.1/../../../arm-none-eabi/lib/thumb/v6-m/nofp/libc.a(lib_a-calloc.o) (_calloc_r)
/usr/lib/gcc/arm-none-eabi/9.2.1/../../../arm-none-eabi/lib/thumb/v6-m/nofp/libc.a(lib_a-fini.o)
                              /usr/lib/gcc/arm-none-eabi/9.2.1/../../../arm-none-eabi/lib/thumb/v6-m/nofp/crt0.o (__libc_fini_array)
/usr/lib/gcc/arm-none-eabi/9.2.1/../../../arm-none-eabi/lib/thumb/v6-m/nofp/libc.a(lib_a-impure.o)
                              /usr/lib/gcc/arm-none-eabi/9.2.1/../../../arm-none-eabi/lib/thumb/v6-m/nofp/libc.a(lib_a-calloc.o) (_impure_ptr)
/usr/lib/gcc/arm-none-eabi/9.2.1/../../../arm-none-eabi/lib/thumb/v6-m/nofp/libc.a(lib_a-init.o)
                              /usr/lib/gcc/arm-none-eabi/9.2.1/../../../arm-none-eabi/lib/thumb/v6-m/nofp/crt0.o (__libc_init_array)
/usr/lib/gcc/arm-none-eabi/9.2.1/../../../arm-none-eabi/lib/thumb/v6-m/nofp/libc.a(lib_a-malloc.o)
                              CMakeFiles/z80_la.dir/tree/downloaded_tools/pico/pico-sdk/src/rp2_common/pico_malloc/pico_malloc.c.obj (malloc)
/usr/lib/gcc/arm-none-eabi/9.2.1/../../../arm-none-eabi/lib/thumb/v6-m/nofp/libc.a(lib_a-mallocr.o)
                              /usr/lib/gcc/arm-none-eabi/9.2.1/../../../arm-none-eabi/lib/thumb/v6-m/nofp/libc.a(lib_a-callocr.o) (_malloc_r)
/usr/lib/gcc/arm-none-eabi/9.2.1/../../../arm-none-eabi/lib/thumb/v6-m/nofp/libc.a(lib_a-mlock.o)
                              /usr/lib/gcc/arm-none-eabi/9.2.1/../../../arm-none-eabi/lib/thumb/v6-m/nofp/libc.a(lib_a-mallocr.o) (__malloc_lock)
/usr/lib/gcc/arm-none-eabi/9.2.1/../../../arm-none-eabi/lib/thumb/v6-m/nofp/libc.a(lib_a-realloc.o)
                              CMakeFiles/z80_la.dir/tree/downloaded_tools/pico/pico-sdk/src/rp2_common/pico_malloc/pico_malloc.c.obj (realloc)
/usr/lib/gcc/arm-none-eabi/9.2.1/../../../arm-none-eabi/lib/thumb/v6-m/nofp/libc.a(lib_a-reallocr.o)
                              /usr/lib/gcc/arm-none-eabi/9.2.1/../../../arm-none-eabi/lib/thumb/v6-m/nofp/libc.a(lib_a-realloc.o) (_realloc_r)
/usr/lib/gcc/arm-none-eabi/9.2.1/../../../arm-none-eabi/lib/thumb/v6-m/nofp/libc.a(lib_a-sbrkr.o)
                              /usr/lib/gcc/arm-none-eabi/9.2.1/../../../arm-none-eabi/lib/thumb/v6-m/nofp/libc.a(lib_a-mallocr.o) (_sbrk_r)
/usr/lib/gcc/arm-none-eabi/9.2.1/../../../arm-none-eabi/lib/thumb/v6-m/nofp/libc.a(lib_a-strlen-stub.o)
                              CMakeFiles/z80_la.dir/tree/downloaded_tools/pico/pico-sdk/src/rp2_common/pico_stdio/stdio.c.obj (strlen)
/usr/lib/gcc/arm-none-eabi/9.2.1/../../../arm-none-eabi/lib/thumb/v6-m/nofp/libc.a(lib_a-__atexit.o)
                              /usr/lib/gcc/arm-none-eabi/9.2.1/../../../arm-none-eabi/lib/thumb/v6-m/nofp/libc.a(lib_a-atexit.o) (__register_exitproc)
/usr/lib/gcc/arm-none-eabi/9.2.1/../../../arm-none-eabi/lib/thumb/v6-m/nofp/libc.a(lib_a-freer.o)
                              /usr/lib/gcc/arm-none-eabi/9.2.1/../../../arm-none-eabi/lib/thumb/v6-m/nofp/libc.a(lib_a-malloc.o) (_free_r)
/usr/lib/gcc/arm-none-eabi/9.2.1/../../../arm-none-eabi/lib/thumb/v6-m/nofp/libc.a(lib_a-memmove.o)
                              /usr/lib/gcc/arm-none-eabi/9.2.1/../../../arm-none-eabi/lib/thumb/v6-m/nofp/libc.a(lib_a-reallocr.o) (memmove)
/usr/lib/gcc/arm-none-eabi/9.2.1/../../../arm-none-eabi/lib/thumb/v6-m/nofp/libc.a(lib_a-reent.o)
                              /usr/lib/gcc/arm-none-eabi/9.2.1/../../../arm-none-eabi/lib/thumb/v6-m/nofp/libc.a(lib_a-sbrkr.o) (errno)

Allocating common symbols
Common symbol       size              file

sf_table            0x100             CMakeFiles/z80_la.dir/tree/downloaded_tools/pico/pico-sdk/src/rp2_common/pico_float/float_init_rom.c.obj
errno               0x4               /usr/lib/gcc/arm-none-eabi/9.2.1/../../../arm-none-eabi/lib/thumb/v6-m/nofp/libc.a(lib_a-reent.o)
_usbd_qdef_buf      0xc0              CMakeFiles/z80_la.dir/tree/downloaded_tools/pico/pico-sdk/lib/tinyusb/src/device/usbd.c.obj
sd_table            0x100             CMakeFiles/z80_la.dir/tree/downloaded_tools/pico/pico-sdk/src/rp2_common/pico_double/double_init_rom.c.obj
uart_char_to_line_feed
[...]
Memory Configuration

Name             Origin             Length             Attributes
FLASH            0x0000000010000000 0x0000000000200000 xr
RAM              0x0000000020000000 0x0000000000040000 xrw
SCRATCH_X        0x0000000020040000 0x0000000000001000 xrw
SCRATCH_Y        0x0000000020041000 0x0000000000001000 xrw
*default*        0x0000000000000000 0xffffffffffffffff

Linker script and memory map

LOAD /usr/lib/gcc/arm-none-eabi/9.2.1/thumb/v6-m/nofp/crti.o
LOAD /usr/lib/gcc/arm-none-eabi/9.2.1/thumb/v6-m/nofp/crtbegin.o
LOAD /usr/lib/gcc/arm-none-eabi/9.2.1/../../../arm-none-eabi/lib/thumb/v6-m/nofp/crt0.o

.flash_begin    0x0000000010000000        0x0
                0x0000000010000000                __flash_binary_start = .

.boot2          0x0000000010000000      0x100
                0x0000000010000000                __boot2_start__ = .
 *(.boot2)
 .boot2         0x0000000010000000      0x100 /tmp/cc6pHbzD.o
                0x0000000010000100                __boot2_end__ = .
                0x0000000000000001                ASSERT (((__boot2_end__ - __boot2_start__) == 0x100), ERROR: Pico second stage bootloader must be 256 bytes in size)

.flashtext      0x0000000010000100      0x1e0
                0x0000000010000100                __logical_binary_start = .
 *(.vectors)
 .vectors       0x0000000010000100       0xd4 CMakeFiles/z80_la.dir/tree/downloaded_tools/pico/pico-sdk/src/rp2_common/pico_standard_link/crt0.S.obj
                0x0000000010000100                __vectors
                0x0000000010000100                __VECTOR_TABLE
                0x00000000100001c0                isr_invalid
                0x00000000100001c0                __default_isrs_start
                0x00000000100001c2                isr_nmi
                0x00000000100001c4                isr_hardfault
                0x00000000100001c6                isr_svcall
                0x00000000100001c8                isr_pendsv
                0x00000000100001ca                isr_systick
                0x00000000100001cc                isr_irq30
                0x00000000100001cc                __unhandled_user_irq
                0x00000000100001cc                isr_irq13
                0x00000000100001cc                isr_irq27
                0x00000000100001cc                isr_irq31
                0x00000000100001cc                isr_irq5
                0x00000000100001cc                isr_irq11
                0x00000000100001cc                isr_irq23
                0x00000000100001cc                isr_irq18
                0x00000000100001cc                isr_irq28
                0x00000000100001cc                isr_irq19
                0x00000000100001cc                isr_irq0
                0x00000000100001cc                isr_irq6
                0x00000000100001cc                isr_irq22
                0x00000000100001cc                isr_irq17
                0x00000000100001cc                isr_irq14
                0x00000000100001cc                isr_irq2
                0x00000000100001cc                isr_irq10
                0x00000000100001cc                isr_irq8
                0x00000000100001cc                isr_irq24
                0x00000000100001cc                isr_irq1
                0x00000000100001cc                isr_irq7
                0x00000000100001cc                isr_irq21
                0x00000000100001cc                isr_irq20
                0x00000000100001cc                isr_irq15
                0x00000000100001cc                isr_irq25
                0x00000000100001cc                isr_irq4
                0x00000000100001cc                isr_irq16
                0x00000000100001cc                isr_irq29
                0x00000000100001cc                isr_irq26
                0x00000000100001cc                __default_isrs_end
                0x00000000100001cc                isr_irq3
                0x00000000100001cc                isr_irq12
                0x00000000100001cc                isr_irq9
                0x00000000100001d2                unhandled_user_irq_num_in_r0
 *(.binary_info_header)
 .binary_info_header
                0x00000000100001d4       0x14 CMakeFiles/z80_la.dir/tree/downloaded_tools/pico/pico-sdk/src/rp2_common/pico_standard_link/crt0.S.obj
                0x00000000100001e8                __binary_info_header_end = .
 *(.reset)
 .reset         0x00000000100001e8       0xb4 CMakeFiles/z80_la.dir/tree/downloaded_tools/pico/pico-sdk/src/rp2_common/pico_standard_link/crt0.S.obj
                0x00000000100001e8                _entry_point
                0x0000000010000272                __get_current_exception
 *fill*         0x000000001000029c        0x4 
 .reset.__stub  0x00000000100002a0       0x10 linker stubs
 .reset         0x00000000100002b0       0x30 CMakeFiles/z80_la.dir/tree/downloaded_tools/pico/pico-sdk/src/rp2_common/pico_standard_link/binary_info.c.obj

.rodata         0x00000000100002e0        0x0
 *(SORT_BY_ALIGNMENT(SORT_BY_NAME(.flashdata*)))
                0x00000000100002e0                . = ALIGN (0x4)

.ARM.extab
 *(.ARM.extab* .gnu.linkonce.armextab.*)
                0x00000000100002e0                __exidx_start = .

.ARM.exidx
 *(.ARM.exidx* .gnu.linkonce.armexidx.*)
                0x00000000100002e0                __exidx_end = .
                0x00000000100002e0                . = ALIGN (0x4)
                0x00000000100002e0                __binary_info_start = .

.binary_info    0x00000000100002e0       0x2c
 *(.binary_info.keep.*)
 .binary_info.keep.__bi_ptr22
                0x00000000100002e0        0x4 CMakeFiles/z80_la.dir/tree/downloaded_tools/pico/pico-sdk/src/rp2_common/pico_standard_link/binary_info.c.obj
 .binary_info.keep.__bi_ptr30
                0x00000000100002e4        0x4 CMakeFiles/z80_la.dir/tree/downloaded_tools/pico/pico-sdk/src/rp2_common/pico_standard_link/binary_info.c.obj
 .binary_info.keep.__bi_ptr38
                0x00000000100002e8        0x4 CMakeFiles/z80_la.dir/tree/downloaded_tools/pico/pico-sdk/src/rp2_common/pico_standard_link/binary_info.c.obj
 .binary_info.keep.__bi_ptr44
                0x00000000100002ec        0x4 CMakeFiles/z80_la.dir/tree/downloaded_tools/pico/pico-sdk/src/rp2_common/pico_standard_link/binary_info.c.obj
 .binary_info.keep.__bi_ptr50
                0x00000000100002f0        0x4 CMakeFiles/z80_la.dir/tree/downloaded_tools/pico/pico-sdk/src/rp2_common/pico_standard_link/binary_info.c.obj
 .binary_info.keep.__bi_ptr56
                0x00000000100002f4        0x4 CMakeFiles/z80_la.dir/tree/downloaded_tools/pico/pico-sdk/src/rp2_common/pico_standard_link/binary_info.c.obj
 .binary_info.keep.__bi_ptr75
                0x00000000100002f8        0x4 CMakeFiles/z80_la.dir/tree/downloaded_tools/pico/pico-sdk/src/rp2_common/pico_standard_link/binary_info.c.obj
 .binary_info.keep.__bi_ptr81
                0x00000000100002fc        0x4 CMakeFiles/z80_la.dir/tree/downloaded_tools/pico/pico-sdk/src/rp2_common/pico_standard_link/binary_info.c.obj
 *(.binary_info.*)
 .binary_info.__bi_ptr28
                0x0000000010000300        0x4 CMakeFiles/z80_la.dir/tree/downloaded_tools/pico/pico-sdk/src/rp2_common/pico_stdio_uart/stdio_uart.c.obj
 .binary_info.__bi_ptr29
                0x0000000010000304        0x4 CMakeFiles/z80_la.dir/tree/downloaded_tools/pico/pico-sdk/src/rp2_common/pico_stdio_uart/stdio_uart.c.obj
 .binary_info.__bi_ptr118
                0x0000000010000308        0x4 CMakeFiles/z80_la.dir/tree/downloaded_tools/pico/pico-sdk/src/rp2_common/pico_stdio_usb/stdio_usb.c.obj
                0x000000001000030c                __binary_info_end = .
                0x000000001000030c                . = ALIGN (0x4)

.ram_vector_table
                0x0000000020000000       0xc0
 *(.ram_vector_table)
 .ram_vector_table
                0x0000000020000000       0xc0 CMakeFiles/z80_la.dir/tree/downloaded_tools/pico/pico-sdk/src/rp2_common/pico_runtime/runtime.c.obj
                0x0000000020000000                ram_vector_table

.text           0x00000000200000c0     0x7ef0 load address 0x000000001000030c
                0x00000000200000c0                __ram_text_start__ = .
 *(.init)
 .init          0x00000000200000c0        0x4 /usr/lib/gcc/arm-none-eabi/9.2.1/thumb/v6-m/nofp/crti.o
                0x00000000200000c0                _init
 *(.text*)
 .text          0x00000000200000c4       0x98 /usr/lib/gcc/arm-none-eabi/9.2.1/thumb/v6-m/nofp/crtbegin.o
 .text.logic_analyser_init
                0x000000002000015c       0xa4 CMakeFiles/z80_la.dir/z80_la.c.obj
                0x000000002000015c                logic_analyser_init
 .text.logic_analyser_arm
                0x0000000020000200       0xc8 CMakeFiles/z80_la.dir/z80_la.c.obj
                0x0000000020000200                logic_analyser_arm
 .text.print_capture_buf
                0x00000000200002c8       0x68 CMakeFiles/z80_la.dir/z80_la.c.obj
                0x00000000200002c8                print_capture_buf
 .text.set_gpio_input
                0x0000000020000330       0x20 CMakeFiles/z80_la.dir/z80_la.c.obj
                0x0000000020000330                set_gpio_input
 .text.startup.main
                0x0000000020000350       0xc4 CMakeFiles/z80_la.dir/z80_la.c.obj
                0x0000000020000350                main
 .text.gpio_set_function
                0x0000000020000414       0x30 CMakeFiles/z80_la.dir/tree/downloaded_tools/pico/pico-sdk/src/rp2_common/hardware_gpio/gpio.c.obj
                0x0000000020000414                gpio_set_function
 .text.gpio_set_pulls
                0x0000000020000444       0x30 CMakeFiles/z80_la.dir/tree/downloaded_tools/pico/pico-sdk/src/rp2_common/hardware_gpio/gpio.c.obj
                0x0000000020000444                gpio_set_pulls
 .text.gpio_init
                0x0000000020000474       0x3c CMakeFiles/z80_la.dir/tree/downloaded_tools/pico/pico-sdk/src/rp2_common/hardware_gpio/gpio.c.obj
                0x0000000020000474                gpio_init
 .text.hw_claim_lock
                0x00000000200004b0       0x18 CMakeFiles/z80_la.dir/tree/downloaded_tools/pico/pico-sdk/src/rp2_common/hardware_claim/claim.c.obj
                0x00000000200004b0                hw_claim_lock
 .text.hw_claim_unlock
                0x00000000200004c8       0x14 CMakeFiles/z80_la.dir/tree/downloaded_tools/pico/pico-sdk/src/rp2_common/hardware_claim/claim.c.obj
                0x00000000200004c8                hw_claim_unlock
 .text.hw_claim_or_assert
                0x00000000200004dc       0x48 CMakeFiles/z80_la.dir/tree/downloaded_tools/pico/pico-sdk/src/rp2_common/hardware_claim/claim.c.obj
                0x00000000200004dc                hw_claim_or_assert
 .text.hw_claim_unused_from_range
                0x0000000020000524       0x9c CMakeFiles/z80_la.dir/tree/downloaded_tools/pico/pico-sdk/src/rp2_common/hardware_claim/claim.c.obj
                0x0000000020000524                hw_claim_unused_from_range
 .text.running_on_fpga
                0x00000000200005c0       0x10 CMakeFiles/z80_la.dir/tree/downloaded_tools/pico/pico-sdk/src/rp2_common/pico_platform/platform.c.obj
                0x00000000200005c0                running_on_fpga
 .text.spin_locks_reset
                0x00000000200005d0       0x1c CMakeFiles/z80_la.dir/tree/downloaded_tools/pico/pico-sdk/src/rp2_common/hardware_sync/sync.c.obj
                0x00000000200005d0                spin_locks_reset
 .text.next_striped_spin_lock_num
                0x00000000200005ec       0x18 CMakeFiles/z80_la.dir/tree/downloaded_tools/pico/pico-sdk/src/rp2_common/hardware_sync/sync.c.obj
                0x00000000200005ec                next_striped_spin_lock_num
 .text.spin_lock_claim_unused
                0x0000000020000604       0x20 CMakeFiles/z80_la.dir/tree/downloaded_tools/pico/pico-sdk/src/rp2_common/hardware_sync/sync.c.obj
                0x0000000020000604                spin_lock_claim_unused
 .text.irq_set_enabled
                0x0000000020000624       0x24 CMakeFiles/z80_la.dir/tree/downloaded_tools/pico/pico-sdk/src/rp2_common/hardware_irq/irq.c.obj
                0x0000000020000624                irq_set_enabled
 .text.irq_set_pending
                0x0000000020000648       0x10 CMakeFiles/z80_la.dir/tree/downloaded_tools/pico/pico-sdk/src/rp2_common/hardware_irq/irq.c.obj
                0x0000000020000648                irq_set_pending
 .text.irq_has_shared_handler
                0x0000000020000658       0x2c CMakeFiles/z80_la.dir/tree/downloaded_tools/pico/pico-sdk/src/rp2_common/hardware_irq/irq.c.obj
                0x0000000020000658                irq_has_shared_handler
 .text.irq_get_vtable_handler
                0x0000000020000684       0x10 CMakeFiles/z80_la.dir/tree/downloaded_tools/pico/pico-sdk/src/rp2_common/hardware_irq/irq.c.obj
                0x0000000020000684                irq_get_vtable_handler
 .text.irq_set_exclusive_handler
                0x0000000020000694       0x54 CMakeFiles/z80_la.dir/tree/downloaded_tools/pico/pico-sdk/src/rp2_common/hardware_irq/irq.c.obj
                0x0000000020000694                irq_set_exclusive_handler
 .text.irq_add_shared_handler
                0x00000000200006e8      0x1c0 CMakeFiles/z80_la.dir/tree/downloaded_tools/pico/pico-sdk/src/rp2_common/hardware_irq/irq.c.obj
                0x00000000200006e8                irq_add_shared_handler
 .text.irq_remove_handler
                0x00000000200008a8      0x1b4 CMakeFiles/z80_la.dir/tree/downloaded_tools/pico/pico-sdk/src/rp2_common/hardware_irq/irq.c.obj
                0x00000000200008a8                irq_remove_handler
 .text.irq_add_tail_to_free_list
                0x0000000020000a5c       0xb8 CMakeFiles/z80_la.dir/tree/downloaded_tools/pico/pico-sdk/src/rp2_common/hardware_irq/irq.c.obj
                0x0000000020000a5c                irq_add_tail_to_free_list
 .text.irq_init_priorities
                0x0000000020000b14       0x24 CMakeFiles/z80_la.dir/tree/downloaded_tools/pico/pico-sdk/src/rp2_common/hardware_irq/irq.c.obj
                0x0000000020000b14                irq_init_priorities
 .text.user_irq_claim_unused
                0x0000000020000b38       0x30 CMakeFiles/z80_la.dir/tree/downloaded_tools/pico/pico-sdk/src/rp2_common/hardware_irq/irq.c.obj
                0x0000000020000b38                user_irq_claim_unused
 .text.lock_init
                0x0000000020000b68       0x10 CMakeFiles/z80_la.dir/tree/downloaded_tools/pico/pico-sdk/src/common/pico_sync/lock_core.c.obj
                0x0000000020000b68                lock_init
 .text.timer_pool_entry_comparator
                0x0000000020000b78       0x34 CMakeFiles/z80_la.dir/tree/downloaded_tools/pico/pico-sdk/src/common/pico_time/time.c.obj
                0x0000000020000b78                timer_pool_entry_comparator
 .text.sleep_until_callback
                0x0000000020000bac       0x30 CMakeFiles/z80_la.dir/tree/downloaded_tools/pico/pico-sdk/src/common/pico_time/time.c.obj
 .text.alarm_pool_add_alarm_at.constprop.0
                0x0000000020000bdc      0x128 CMakeFiles/z80_la.dir/tree/downloaded_tools/pico/pico-sdk/src/common/pico_time/time.c.obj
 .text.add_alarm_under_lock
                0x0000000020000d04      0x108 CMakeFiles/z80_la.dir/tree/downloaded_tools/pico/pico-sdk/src/common/pico_time/time.c.obj
 .text.alarm_pool_alarm_callback
                0x0000000020000e0c      0x1c8 CMakeFiles/z80_la.dir/tree/downloaded_tools/pico/pico-sdk/src/common/pico_time/time.c.obj
 .text.alarm_pool_init_default
                0x0000000020000fd4       0x64 CMakeFiles/z80_la.dir/tree/downloaded_tools/pico/pico-sdk/src/common/pico_time/time.c.obj
                0x0000000020000fd4                alarm_pool_init_default
 .text.alarm_pool_get_default
                0x0000000020001038        0x8 CMakeFiles/z80_la.dir/tree/downloaded_tools/pico/pico-sdk/src/common/pico_time/time.c.obj
                0x0000000020001038                alarm_pool_get_default
 .text.alarm_pool_add_alarm_at
                0x0000000020001040      0x1ac CMakeFiles/z80_la.dir/tree/downloaded_tools/pico/pico-sdk/src/common/pico_time/time.c.obj
                0x0000000020001040                alarm_pool_add_alarm_at
 .text.sleep_until
                0x00000000200011ec       0xac CMakeFiles/z80_la.dir/tree/downloaded_tools/pico/pico-sdk/src/common/pico_time/time.c.obj
                0x00000000200011ec                sleep_until
 .text.sleep_ms
                0x0000000020001298       0x38 CMakeFiles/z80_la.dir/tree/downloaded_tools/pico/pico-sdk/src/common/pico_time/time.c.obj
                0x0000000020001298                sleep_ms
 .text.best_effort_wfe_or_timeout
                0x00000000200012d0       0xd4 CMakeFiles/z80_la.dir/tree/downloaded_tools/pico/pico-sdk/src/common/pico_time/time.c.obj
                0x00000000200012d0                best_effort_wfe_or_timeout
 .text.hardware_alarm_irq_handler
                0x00000000200013a4       0xb8 CMakeFiles/z80_la.dir/tree/downloaded_tools/pico/pico-sdk/src/rp2_common/hardware_timer/timer.c.obj
 .text.hardware_alarm_claim
                0x000000002000145c       0x18 CMakeFiles/z80_la.dir/tree/downloaded_tools/pico/pico-sdk/src/rp2_common/hardware_timer/timer.c.obj
                0x000000002000145c                hardware_alarm_claim
 .text.time_us_64
                0x0000000020001474       0x14 CMakeFiles/z80_la.dir/tree/downloaded_tools/pico/pico-sdk/src/rp2_common/hardware_timer/timer.c.obj
                0x0000000020001474                time_us_64
 .text.busy_wait_until
                0x0000000020001488       0x20 CMakeFiles/z80_la.dir/tree/downloaded_tools/pico/pico-sdk/src/rp2_common/hardware_timer/timer.c.obj
                0x0000000020001488                busy_wait_until
 .text.hardware_alarm_set_callback
                0x00000000200014a8       0x8c CMakeFiles/z80_la.dir/tree/downloaded_tools/pico/pico-sdk/src/rp2_common/hardware_timer/timer.c.obj
                0x00000000200014a8                hardware_alarm_set_callback
 .text.hardware_alarm_set_target
                0x0000000020001534       0xe4 CMakeFiles/z80_la.dir/tree/downloaded_tools/pico/pico-sdk/src/rp2_common/hardware_timer/timer.c.obj
                0x0000000020001534                hardware_alarm_set_target
 .text.hardware_alarm_cancel
                0x0000000020001618       0x40 CMakeFiles/z80_la.dir/tree/downloaded_tools/pico/pico-sdk/src/rp2_common/hardware_timer/timer.c.obj
                0x0000000020001618                hardware_alarm_cancel
 .text.ph_merge_nodes
                0x0000000020001658       0x68 CMakeFiles/z80_la.dir/tree/downloaded_tools/pico/pico-sdk/src/common/pico_util/pheap.c.obj
 .text.ph_post_alloc_init
                0x00000000200016c0       0x3c CMakeFiles/z80_la.dir/tree/downloaded_tools/pico/pico-sdk/src/common/pico_util/pheap.c.obj
                0x00000000200016c0                ph_post_alloc_init
 .text.ph_merge_two_pass
                0x00000000200016fc       0x90 CMakeFiles/z80_la.dir/tree/downloaded_tools/pico/pico-sdk/src/common/pico_util/pheap.c.obj
                0x00000000200016fc                ph_merge_two_pass
 .text.ph_remove_any_head
                0x000000002000178c       0xf8 CMakeFiles/z80_la.dir/tree/downloaded_tools/pico/pico-sdk/src/common/pico_util/pheap.c.obj
 .text.ph_remove_head
                0x0000000020001884      0x13c CMakeFiles/z80_la.dir/tree/downloaded_tools/pico/pico-sdk/src/common/pico_util/pheap.c.obj
                0x0000000020001884                ph_remove_head
 .text.ph_remove_and_free_node
                0x00000000200019c0       0x7c CMakeFiles/z80_la.dir/tree/downloaded_tools/pico/pico-sdk/src/common/pico_util/pheap.c.obj
                0x00000000200019c0                ph_remove_and_free_node
 .text.mutex_init
                0x0000000020001a3c       0x1c CMakeFiles/z80_la.dir/tree/downloaded_tools/pico/pico-sdk/src/common/pico_sync/mutex.c.obj
                0x0000000020001a3c                mutex_init
 .text.recursive_mutex_init
                0x0000000020001a58       0x1c CMakeFiles/z80_la.dir/tree/downloaded_tools/pico/pico-sdk/src/common/pico_sync/mutex.c.obj
                0x0000000020001a58                recursive_mutex_init
 .text.critical_section_init
                0x0000000020001a74       0x1c CMakeFiles/z80_la.dir/tree/downloaded_tools/pico/pico-sdk/src/common/pico_sync/critical_section.c.obj
                0x0000000020001a74                critical_section_init
 .text.uart_init
                0x0000000020001a90       0xe4 CMakeFiles/z80_la.dir/tree/downloaded_tools/pico/pico-sdk/src/rp2_common/hardware_uart/uart.c.obj
                0x0000000020001a90                uart_init
 .text.runtime_init
                0x0000000020001b74       0xf0 CMakeFiles/z80_la.dir/tree/downloaded_tools/pico/pico-sdk/src/rp2_common/pico_runtime/runtime.c.obj
                0x0000000020001b74                runtime_init
 .text._sbrk    0x0000000020001c64       0x34 CMakeFiles/z80_la.dir/tree/downloaded_tools/pico/pico-sdk/src/rp2_common/pico_runtime/runtime.c.obj
                0x0000000020001c64                _sbrk
 .text.exit     0x0000000020001c98        0x4 CMakeFiles/z80_la.dir/tree/downloaded_tools/pico/pico-sdk/src/rp2_common/pico_runtime/runtime.c.obj
                0x0000000020001c98                exit
 .text.panic    0x0000000020001c9c       0x30 CMakeFiles/z80_la.dir/tree/downloaded_tools/pico/pico-sdk/src/rp2_common/pico_runtime/runtime.c.obj
                0x0000000020001c9c                panic
 .text.hard_assertion_failure
                0x0000000020001ccc        0xc CMakeFiles/z80_la.dir/tree/downloaded_tools/pico/pico-sdk/src/rp2_common/pico_runtime/runtime.c.obj
                0x0000000020001ccc                hard_assertion_failure
 .text.clocks_init
                0x0000000020001cd8      0x2bc CMakeFiles/z80_la.dir/tree/downloaded_tools/pico/pico-sdk/src/rp2_common/hardware_clocks/clocks.c.obj
                0x0000000020001cd8                clocks_init
 .text.clock_get_hz
                0x0000000020001f94        0xc CMakeFiles/z80_la.dir/tree/downloaded_tools/pico/pico-sdk/src/rp2_common/hardware_clocks/clocks.c.obj
                0x0000000020001f94                clock_get_hz
 .text.pll_init
                0x0000000020001fa0       0xa8 CMakeFiles/z80_la.dir/tree/downloaded_tools/pico/pico-sdk/src/rp2_common/hardware_pll/pll.c.obj
                0x0000000020001fa0                pll_init
 .text.watchdog_start_tick
                0x0000000020002048       0x10 CMakeFiles/z80_la.dir/tree/downloaded_tools/pico/pico-sdk/src/rp2_common/hardware_watchdog/watchdog.c.obj
                0x0000000020002048                watchdog_start_tick
 .text.watchdog_reboot
                0x0000000020002058       0x98 CMakeFiles/z80_la.dir/tree/downloaded_tools/pico/pico-sdk/src/rp2_common/hardware_watchdog/watchdog.c.obj
                0x0000000020002058                watchdog_reboot
 .text.xosc_init
                0x00000000200020f0       0x28 CMakeFiles/z80_la.dir/tree/downloaded_tools/pico/pico-sdk/src/rp2_common/hardware_xosc/xosc.c.obj
                0x00000000200020f0                xosc_init
 .text._out_null
                0x0000000020002118        0x4 CMakeFiles/z80_la.dir/tree/downloaded_tools/pico/pico-sdk/src/rp2_common/pico_printf/printf.c.obj
 .text._out_rev
                0x000000002000211c       0xd0 CMakeFiles/z80_la.dir/tree/downloaded_tools/pico/pico-sdk/src/rp2_common/pico_printf/printf.c.obj
 .text._ntoa_format
                0x00000000200021ec      0x1d0 CMakeFiles/z80_la.dir/tree/downloaded_tools/pico/pico-sdk/src/rp2_common/pico_printf/printf.c.obj
 .text._out_char
                0x00000000200023bc       0x10 CMakeFiles/z80_la.dir/tree/downloaded_tools/pico/pico-sdk/src/rp2_common/pico_printf/printf.c.obj
 .text._out_fct
                0x00000000200023cc       0x10 CMakeFiles/z80_la.dir/tree/downloaded_tools/pico/pico-sdk/src/rp2_common/pico_printf/printf.c.obj
 .text._etoa    0x00000000200023dc      0x478 CMakeFiles/z80_la.dir/tree/downloaded_tools/pico/pico-sdk/src/rp2_common/pico_printf/printf.c.obj
 .text._ftoa    0x0000000020002854      0x3e0 CMakeFiles/z80_la.dir/tree/downloaded_tools/pico/pico-sdk/src/rp2_common/pico_printf/printf.c.obj
 .text._vsnprintf
                0x0000000020002c34      0xb08 CMakeFiles/z80_la.dir/tree/downloaded_tools/pico/pico-sdk/src/rp2_common/pico_printf/printf.c.obj
 .text.vfctprintf
                0x000000002000373c       0x20 CMakeFiles/z80_la.dir/tree/downloaded_tools/pico/pico-sdk/src/rp2_common/pico_printf/printf.c.obj
                0x000000002000373c                vfctprintf
 .text.weak_raw_vprintf
                0x000000002000375c       0x30 CMakeFiles/z80_la.dir/tree/downloaded_tools/pico/pico-sdk/src/rp2_common/pico_printf/printf.c.obj
                0x000000002000375c                weak_raw_vprintf
 .text          0x000000002000378c       0x10 CMakeFiles/z80_la.dir/tree/downloaded_tools/pico/pico-sdk/src/rp2_common/pico_bit_ops/bit_ops_aeabi.S.obj
 .text.rom_func_lookup
                0x000000002000379c       0x10 CMakeFiles/z80_la.dir/tree/downloaded_tools/pico/pico-sdk/src/rp2_common/pico_bootrom/bootrom.c.obj
                0x000000002000379c                rom_func_lookup
 .text.rom_data_lookup
                0x00000000200037ac       0x10 CMakeFiles/z80_la.dir/tree/downloaded_tools/pico/pico-sdk/src/rp2_common/pico_bootrom/bootrom.c.obj
                0x00000000200037ac                rom_data_lookup
 .text.rom_funcs_lookup
                0x00000000200037bc       0x3c CMakeFiles/z80_la.dir/tree/downloaded_tools/pico/pico-sdk/src/rp2_common/pico_bootrom/bootrom.c.obj
                0x00000000200037bc                rom_funcs_lookup
 .text.__wrap___aeabi_idiv
                0x00000000200037f8       0x50 CMakeFiles/z80_la.dir/tree/downloaded_tools/pico/pico-sdk/src/rp2_common/pico_divider/divider.S.obj
                0x00000000200037f8                __wrap___aeabi_idivmod
                0x00000000200037f8                divmod_s32s32
                0x00000000200037f8                div_s32s32
                0x00000000200037f8                __wrap___aeabi_idiv
                0x0000000020003800                divmod_s32s32_unsafe
                0x000000002000382c                divmod_s32s32_savestate
 .text.__wrap___aeabi_uidiv
                0x0000000020003848       0x4c CMakeFiles/z80_la.dir/tree/downloaded_tools/pico/pico-sdk/src/rp2_common/pico_divider/divider.S.obj
                0x0000000020003848                __wrap___aeabi_uidiv
                0x0000000020003848                __wrap___aeabi_uidivmod
                0x0000000020003848                div_u32u32
                0x0000000020003848                divmod_u32u32
                0x0000000020003850                divmod_u32u32_unsafe
                0x0000000020003878                divmod_u32u32_savestate
 .text.__wrap___aeabi_ldiv
                0x0000000020003894      0x434 CMakeFiles/z80_la.dir/tree/downloaded_tools/pico/pico-sdk/src/rp2_common/pico_divider/divider.S.obj
                0x0000000020003894                div_s64s64
                0x0000000020003894                divmod_s64s64
                0x0000000020003894                __wrap___aeabi_ldivmod
                0x00000000200038cc                div_u64u64
                0x00000000200038cc                divmod_u64u64
                0x00000000200038cc                __wrap___aeabi_uldivmod
                0x00000000200038dc                divmod_u64u64_savestate
                0x0000000020003904                divmod_s64s64_unsafe
                0x000000002000398c                divmod_u64u64_unsafe
 .text.__wrap___aeabi_darithmetic
                0x0000000020003cc8       0x80 CMakeFiles/z80_la.dir/tree/downloaded_tools/pico/pico-sdk/src/rp2_common/pico_double/double_aeabi.S.obj
                0x0000000020003cc8                __wrap___aeabi_drsub
                0x0000000020003cce                __wrap___aeabi_dsub
                0x0000000020003ce0                __wrap___aeabi_dadd
                0x0000000020003cf2                __wrap___aeabi_ddiv
                0x0000000020003d2e                __wrap___aeabi_dmul
 .text.__wrap___aeabi_cdcmple
                0x0000000020003d48       0x6c CMakeFiles/z80_la.dir/tree/downloaded_tools/pico/pico-sdk/src/rp2_common/pico_double/double_aeabi.S.obj
                0x0000000020003d48                __wrap___aeabi_cdrcmple
                0x0000000020003d58                __wrap___aeabi_cdcmple
                0x0000000020003d58                __wrap___aeabi_cdcmpeq
 .text.__wrap___aeabi_dcmplt
                0x0000000020003db4        0xc CMakeFiles/z80_la.dir/tree/downloaded_tools/pico/pico-sdk/src/rp2_common/pico_double/double_aeabi.S.obj
                0x0000000020003db4                __wrap___aeabi_dcmplt
 .text.__wrap___aeabi_dcmple
                0x0000000020003dc0       0x10 CMakeFiles/z80_la.dir/tree/downloaded_tools/pico/pico-sdk/src/rp2_common/pico_double/double_aeabi.S.obj
                0x0000000020003dc0                __wrap___aeabi_dcmple
 .text.__wrap___aeabi_dcmpge
                0x0000000020003dd0       0x10 CMakeFiles/z80_la.dir/tree/downloaded_tools/pico/pico-sdk/src/rp2_common/pico_double/double_aeabi.S.obj
                0x0000000020003dd0                __wrap___aeabi_dcmpge
 .text.__wrap___aeabi_dcmpgt
                0x0000000020003de0        0xa CMakeFiles/z80_la.dir/tree/downloaded_tools/pico/pico-sdk/src/rp2_common/pico_double/double_aeabi.S.obj
                0x0000000020003de0                __wrap___aeabi_dcmpgt
 .text.__wrap___aeabi_dcmpun
                0x0000000020003dea       0x1c CMakeFiles/z80_la.dir/tree/downloaded_tools/pico/pico-sdk/src/rp2_common/pico_double/double_aeabi.S.obj
                0x0000000020003dea                __wrap___aeabi_dcmpun
 *fill*         0x0000000020003e06        0x2 
 .text.__wrap___aeabi_i2d
                0x0000000020003e08       0x38 CMakeFiles/z80_la.dir/tree/downloaded_tools/pico/pico-sdk/src/rp2_common/pico_double/double_aeabi.S.obj
                0x0000000020003e08                __wrap___aeabi_ui2d
                0x0000000020003e10                __wrap___aeabi_i2d
 .text.__wrap___aeabi_d2iz
                0x0000000020003e40       0x48 CMakeFiles/z80_la.dir/tree/downloaded_tools/pico/pico-sdk/src/rp2_common/pico_double/double_aeabi.S.obj
                0x0000000020003e40                __wrap___aeabi_d2iz
                0x0000000020003e40                double2int_z
 .text.__wrap___aeabi_d2uiz
                0x0000000020003e88       0x18 CMakeFiles/z80_la.dir/tree/downloaded_tools/pico/pico-sdk/src/rp2_common/pico_double/double_aeabi.S.obj
                0x0000000020003e88                double2uint
                0x0000000020003e88                __wrap___aeabi_d2uiz
 .text.__aeabi_double_init
                0x0000000020003ea0       0xc0 CMakeFiles/z80_la.dir/tree/downloaded_tools/pico/pico-sdk/src/rp2_common/pico_double/double_init_rom.c.obj
                0x0000000020003ea0                __aeabi_double_init
 .text.double_table_shim_on_use_helper
                0x0000000020003f60       0x2c CMakeFiles/z80_la.dir/tree/downloaded_tools/pico/pico-sdk/src/rp2_common/pico_double/double_v1_rom_shim.S.obj
                0x0000000020003f60                double_table_shim_on_use_helper
 .text.__wrap___aeabi_dsub
                0x0000000020003f8c       0x10 CMakeFiles/z80_la.dir/tree/downloaded_tools/pico/pico-sdk/src/rp2_common/pico_double/double_v1_rom_shim.S.obj
                0x0000000020003f8c                drsub_shim
                0x0000000020003f92                dsub_shim
 .text.dadd_shim
                0x0000000020003f9c      0x15c CMakeFiles/z80_la.dir/tree/downloaded_tools/pico/pico-sdk/src/rp2_common/pico_double/double_v1_rom_shim.S.obj
                0x0000000020003f9c                dadd_shim
 .text.dmul_shim
                0x00000000200040f8      0x15c CMakeFiles/z80_la.dir/tree/downloaded_tools/pico/pico-sdk/src/rp2_common/pico_double/double_v1_rom_shim.S.obj
                0x00000000200040f8                dmul_shim
 .text.ddiv_shim
                0x0000000020004254      0x1b0 CMakeFiles/z80_la.dir/tree/downloaded_tools/pico/pico-sdk/src/rp2_common/pico_double/double_v1_rom_shim.S.obj
                0x0000000020004254                ddiv_shim
 .text.double2uint_shim
                0x0000000020004404        0xe CMakeFiles/z80_la.dir/tree/downloaded_tools/pico/pico-sdk/src/rp2_common/pico_double/double_v1_rom_shim.S.obj
                0x0000000020004404                double2uint_shim
                0x0000000020004406                double2ufix_shim
 *fill*         0x0000000020004412        0x2 
 .text.double2uint64_shim
                0x0000000020004414       0x70 CMakeFiles/z80_la.dir/tree/downloaded_tools/pico/pico-sdk/src/rp2_common/pico_double/double_v1_rom_shim.S.obj
                0x0000000020004414                double2uint64_shim
                0x0000000020004416                double2ufix64_shim
                0x0000000020004436                d2fix_a
 .text.dunpacks
                0x0000000020004484       0x3c CMakeFiles/z80_la.dir/tree/downloaded_tools/pico/pico-sdk/src/rp2_common/pico_double/double_v1_rom_shim.S.obj
                0x0000000020004484                dunpacks
 .text.__aeabi_lmul
                0x00000000200044c0       0x32 CMakeFiles/z80_la.dir/tree/downloaded_tools/pico/pico-sdk/src/rp2_common/pico_int64_ops/pico_int64_ops_aeabi.S.obj
                0x00000000200044c0                __wrap___aeabi_lmul
 *fill*         0x00000000200044f2        0x2 
 .text.__wrap___aeabi_farithmetic
                0x00000000200044f4       0x48 CMakeFiles/z80_la.dir/tree/downloaded_tools/pico/pico-sdk/src/rp2_common/pico_float/float_aeabi.S.obj
                0x00000000200044f4                __wrap___aeabi_frsub
                0x00000000200044fa                __wrap___aeabi_fsub
                0x0000000020004500                __wrap___aeabi_fadd
                0x0000000020004506                __wrap___aeabi_fdiv
                0x000000002000452e                __wrap___aeabi_fmul
 .text.__wrap___aeabi_ui2f
                0x000000002000453c        0xa CMakeFiles/z80_la.dir/tree/downloaded_tools/pico/pico-sdk/src/rp2_common/pico_float/float_aeabi.S.obj
                0x000000002000453c                __wrap___aeabi_ui2f
 *fill*         0x0000000020004546        0x2 
 .text.__wrap___aeabi_i2f
                0x0000000020004548       0x44 CMakeFiles/z80_la.dir/tree/downloaded_tools/pico/pico-sdk/src/rp2_common/pico_float/float_aeabi.S.obj
                0x0000000020004548                __wrap___aeabi_i2f
 .text.__wrap___aeabi_f2uiz
                0x000000002000458c        0xc CMakeFiles/z80_la.dir/tree/downloaded_tools/pico/pico-sdk/src/rp2_common/pico_float/float_aeabi.S.obj
                0x000000002000458c                __wrap___aeabi_f2uiz
 .text.__aeabi_float_init
                0x0000000020004598       0x64 CMakeFiles/z80_la.dir/tree/downloaded_tools/pico/pico-sdk/src/rp2_common/pico_float/float_init_rom.c.obj
                0x0000000020004598                __aeabi_float_init
 .text.float_table_shim_on_use_helper
                0x00000000200045fc       0x2c CMakeFiles/z80_la.dir/tree/downloaded_tools/pico/pico-sdk/src/rp2_common/pico_float/float_v1_rom_shim.S.obj
                0x00000000200045fc                float_table_shim_on_use_helper
 .text.__wrap_malloc
                0x0000000020004628       0x3c CMakeFiles/z80_la.dir/tree/downloaded_tools/pico/pico-sdk/src/rp2_common/pico_malloc/pico_malloc.c.obj
                0x0000000020004628                __wrap_malloc
 .text          0x0000000020004664       0x10 CMakeFiles/z80_la.dir/tree/downloaded_tools/pico/pico-sdk/src/rp2_common/pico_mem_ops/mem_ops_aeabi.S.obj
                0x0000000020004664                __aeabi_mem_init
 .text.memset   0x0000000020004674        0xc CMakeFiles/z80_la.dir/tree/downloaded_tools/pico/pico-sdk/src/rp2_common/pico_mem_ops/mem_ops_aeabi.S.obj
                0x0000000020004674                __wrap_memset
 .text.memcpy   0x0000000020004680        0xc CMakeFiles/z80_la.dir/tree/downloaded_tools/pico/pico-sdk/src/rp2_common/pico_mem_ops/mem_ops_aeabi.S.obj
                0x0000000020004680                __wrap___aeabi_memcpy
                0x0000000020004680                __wrap_memcpy
 .text.stdio_out_chars_no_crlf
                0x000000002000468c       0x10 CMakeFiles/z80_la.dir/tree/downloaded_tools/pico/pico-sdk/src/rp2_common/pico_stdio/stdio.c.obj
 .text.stdio_out_chars_crlf
                0x000000002000469c       0x94 CMakeFiles/z80_la.dir/tree/downloaded_tools/pico/pico-sdk/src/rp2_common/pico_stdio/stdio.c.obj
 .text.stdio_buffered_printer
                0x0000000020004730       0x64 CMakeFiles/z80_la.dir/tree/downloaded_tools/pico/pico-sdk/src/rp2_common/pico_stdio/stdio.c.obj
 .text.stdio_put_string
                0x0000000020004794      0x100 CMakeFiles/z80_la.dir/tree/downloaded_tools/pico/pico-sdk/src/rp2_common/pico_stdio/stdio.c.obj
 .text.__wrap_putchar
                0x0000000020004894       0xa4 CMakeFiles/z80_la.dir/tree/downloaded_tools/pico/pico-sdk/src/rp2_common/pico_stdio/stdio.c.obj
                0x0000000020004894                __wrap_putchar
 .text.__wrap_puts
                0x0000000020004938       0x3c CMakeFiles/z80_la.dir/tree/downloaded_tools/pico/pico-sdk/src/rp2_common/pico_stdio/stdio.c.obj
                0x0000000020004938                __wrap_puts
 .text.stdio_set_driver_enabled
                0x0000000020004974       0x30 CMakeFiles/z80_la.dir/tree/downloaded_tools/pico/pico-sdk/src/rp2_common/pico_stdio/stdio.c.obj
                0x0000000020004974                stdio_set_driver_enabled
 .text.__wrap_vprintf
                0x00000000200049a4       0xd8 CMakeFiles/z80_la.dir/tree/downloaded_tools/pico/pico-sdk/src/rp2_common/pico_stdio/stdio.c.obj
                0x00000000200049a4                __wrap_vprintf
 .text.__wrap_printf
                0x0000000020004a7c       0x18 CMakeFiles/z80_la.dir/tree/downloaded_tools/pico/pico-sdk/src/rp2_common/pico_stdio/stdio.c.obj
                0x0000000020004a7c                __wrap_printf
 .text.stdio_init_all
                0x0000000020004a94        0xc CMakeFiles/z80_la.dir/tree/downloaded_tools/pico/pico-sdk/src/rp2_common/pico_stdio/stdio.c.obj
                0x0000000020004a94                stdio_init_all
 .text.stdio_uart_out_chars
                0x0000000020004aa0       0x4c CMakeFiles/z80_la.dir/tree/downloaded_tools/pico/pico-sdk/src/rp2_common/pico_stdio_uart/stdio_uart.c.obj
 .text.stdio_uart_in_chars
                0x0000000020004aec       0x38 CMakeFiles/z80_la.dir/tree/downloaded_tools/pico/pico-sdk/src/rp2_common/pico_stdio_uart/stdio_uart.c.obj
                0x0000000020004aec                stdio_uart_in_chars
 .text.stdio_uart_init
                0x0000000020004b24       0x48 CMakeFiles/z80_la.dir/tree/downloaded_tools/pico/pico-sdk/src/rp2_common/pico_stdio_uart/stdio_uart.c.obj
                0x0000000020004b24                stdio_uart_init
 .text.resetd_init
                0x0000000020004b6c        0x4 CMakeFiles/z80_la.dir/tree/downloaded_tools/pico/pico-sdk/src/rp2_common/pico_stdio_usb/reset_interface.c.obj
 .text.resetd_reset
                0x0000000020004b70        0xc CMakeFiles/z80_la.dir/tree/downloaded_tools/pico/pico-sdk/src/rp2_common/pico_stdio_usb/reset_interface.c.obj
 .text.resetd_open
                0x0000000020004b7c       0x28 CMakeFiles/z80_la.dir/tree/downloaded_tools/pico/pico-sdk/src/rp2_common/pico_stdio_usb/reset_interface.c.obj
 .text.resetd_xfer_cb
                0x0000000020004ba4        0x4 CMakeFiles/z80_la.dir/tree/downloaded_tools/pico/pico-sdk/src/rp2_common/pico_stdio_usb/reset_interface.c.obj
 .text.resetd_control_xfer_cb
                0x0000000020004ba8       0x64 CMakeFiles/z80_la.dir/tree/downloaded_tools/pico/pico-sdk/src/rp2_common/pico_stdio_usb/reset_interface.c.obj
 .text.usbd_app_driver_get_cb
                0x0000000020004c0c        0xc CMakeFiles/z80_la.dir/tree/downloaded_tools/pico/pico-sdk/src/rp2_common/pico_stdio_usb/reset_interface.c.obj
                0x0000000020004c0c                usbd_app_driver_get_cb
 .text.tud_cdc_line_coding_cb
                0x0000000020004c18       0x34 CMakeFiles/z80_la.dir/tree/downloaded_tools/pico/pico-sdk/src/rp2_common/pico_stdio_usb/reset_interface.c.obj
                0x0000000020004c18                tud_cdc_line_coding_cb
 .text.stdio_usb_in_chars
                0x0000000020004c4c       0x68 CMakeFiles/z80_la.dir/tree/downloaded_tools/pico/pico-sdk/src/rp2_common/pico_stdio_usb/stdio_usb.c.obj
                0x0000000020004c4c                stdio_usb_in_chars
 .text.stdio_usb_out_chars
                0x0000000020004cb4       0xec CMakeFiles/z80_la.dir/tree/downloaded_tools/pico/pico-sdk/src/rp2_common/pico_stdio_usb/stdio_usb.c.obj
 .text.timer_task
                0x0000000020004da0       0x18 CMakeFiles/z80_la.dir/tree/downloaded_tools/pico/pico-sdk/src/rp2_common/pico_stdio_usb/stdio_usb.c.obj
 .text.usb_irq  0x0000000020004db8       0x10 CMakeFiles/z80_la.dir/tree/downloaded_tools/pico/pico-sdk/src/rp2_common/pico_stdio_usb/stdio_usb.c.obj
 .text.low_priority_worker_irq
                0x0000000020004dc8       0x24 CMakeFiles/z80_la.dir/tree/downloaded_tools/pico/pico-sdk/src/rp2_common/pico_stdio_usb/stdio_usb.c.obj
 .text.stdio_usb_init
                0x0000000020004dec       0xb0 CMakeFiles/z80_la.dir/tree/downloaded_tools/pico/pico-sdk/src/rp2_common/pico_stdio_usb/stdio_usb.c.obj
                0x0000000020004dec                stdio_usb_init
 .text.tud_descriptor_device_cb
                0x0000000020004e9c        0x8 CMakeFiles/z80_la.dir/tree/downloaded_tools/pico/pico-sdk/src/rp2_common/pico_stdio_usb/stdio_usb_descriptors.c.obj
                0x0000000020004e9c                tud_descriptor_device_cb
 .text.tud_descriptor_configuration_cb
                0x0000000020004ea4        0x8 CMakeFiles/z80_la.dir/tree/downloaded_tools/pico/pico-sdk/src/rp2_common/pico_stdio_usb/stdio_usb_descriptors.c.obj
                0x0000000020004ea4                tud_descriptor_configuration_cb
 .text.tud_descriptor_string_cb
                0x0000000020004eac       0x70 CMakeFiles/z80_la.dir/tree/downloaded_tools/pico/pico-sdk/src/rp2_common/pico_stdio_usb/stdio_usb_descriptors.c.obj
                0x0000000020004eac                tud_descriptor_string_cb
 .text.dcd_rp2040_irq
                0x0000000020004f1c      0x21c CMakeFiles/z80_la.dir/tree/downloaded_tools/pico/pico-sdk/lib/tinyusb/src/portable/raspberrypi/rp2040/dcd_rp2040.c.obj
 .text.dcd_int_enable
                0x0000000020005138        0xc CMakeFiles/z80_la.dir/tree/downloaded_tools/pico/pico-sdk/lib/tinyusb/src/portable/raspberrypi/rp2040/dcd_rp2040.c.obj
                0x0000000020005138                dcd_int_enable
 .text.dcd_set_address
                0x0000000020005144       0x14 CMakeFiles/z80_la.dir/tree/downloaded_tools/pico/pico-sdk/lib/tinyusb/src/portable/raspberrypi/rp2040/dcd_rp2040.c.obj
                0x0000000020005144                dcd_set_address
 .text.dcd_connect
                0x0000000020005158       0x10 CMakeFiles/z80_la.dir/tree/downloaded_tools/pico/pico-sdk/lib/tinyusb/src/portable/raspberrypi/rp2040/dcd_rp2040.c.obj
                0x0000000020005158                dcd_connect
 .text.dcd_init
                0x0000000020005168      0x148 CMakeFiles/z80_la.dir/tree/downloaded_tools/pico/pico-sdk/lib/tinyusb/src/portable/raspberrypi/rp2040/dcd_rp2040.c.obj
                0x0000000020005168                dcd_init
 .text.dcd_edpt0_status_complete
                0x00000000200052b0       0x1c CMakeFiles/z80_la.dir/tree/downloaded_tools/pico/pico-sdk/lib/tinyusb/src/portable/raspberrypi/rp2040/dcd_rp2040.c.obj
                0x00000000200052b0                dcd_edpt0_status_complete
 .text.dcd_edpt_open
                0x00000000200052cc       0xf0 CMakeFiles/z80_la.dir/tree/downloaded_tools/pico/pico-sdk/lib/tinyusb/src/portable/raspberrypi/rp2040/dcd_rp2040.c.obj
                0x00000000200052cc                dcd_edpt_open
 .text.dcd_edpt_close_all
                0x00000000200053bc       0xbc CMakeFiles/z80_la.dir/tree/downloaded_tools/pico/pico-sdk/lib/tinyusb/src/portable/raspberrypi/rp2040/dcd_rp2040.c.obj
                0x00000000200053bc                dcd_edpt_close_all
 .text.dcd_edpt_xfer
                0x0000000020005478       0x24 CMakeFiles/z80_la.dir/tree/downloaded_tools/pico/pico-sdk/lib/tinyusb/src/portable/raspberrypi/rp2040/dcd_rp2040.c.obj
                0x0000000020005478                dcd_edpt_xfer
 .text.dcd_edpt_stall
                0x000000002000549c       0x38 CMakeFiles/z80_la.dir/tree/downloaded_tools/pico/pico-sdk/lib/tinyusb/src/portable/raspberrypi/rp2040/dcd_rp2040.c.obj
                0x000000002000549c                dcd_edpt_stall
 .text.dcd_edpt_clear_stall
                0x00000000200054d4       0x30 CMakeFiles/z80_la.dir/tree/downloaded_tools/pico/pico-sdk/lib/tinyusb/src/portable/raspberrypi/rp2040/dcd_rp2040.c.obj
                0x00000000200054d4                dcd_edpt_clear_stall
 .text._hw_endpoint_buffer_control_update32.part.0
                0x0000000020005504       0x20 CMakeFiles/z80_la.dir/tree/downloaded_tools/pico/pico-sdk/lib/tinyusb/src/portable/raspberrypi/rp2040/rp2040_usb.c.obj
 .text.rp2040_usb_init
                0x0000000020005524       0x4c CMakeFiles/z80_la.dir/tree/downloaded_tools/pico/pico-sdk/lib/tinyusb/src/portable/raspberrypi/rp2040/rp2040_usb.c.obj
                0x0000000020005524                rp2040_usb_init
 .text.hw_endpoint_reset_transfer
                0x0000000020005570        0xc CMakeFiles/z80_la.dir/tree/downloaded_tools/pico/pico-sdk/lib/tinyusb/src/portable/raspberrypi/rp2040/rp2040_usb.c.obj
                0x0000000020005570                hw_endpoint_reset_transfer
 .text._hw_endpoint_buffer_control_update32
                0x000000002000557c       0x40 CMakeFiles/z80_la.dir/tree/downloaded_tools/pico/pico-sdk/lib/tinyusb/src/portable/raspberrypi/rp2040/rp2040_usb.c.obj
                0x000000002000557c                _hw_endpoint_buffer_control_update32
 .text.hw_endpoint_xfer_start
                0x00000000200055bc      0x138 CMakeFiles/z80_la.dir/tree/downloaded_tools/pico/pico-sdk/lib/tinyusb/src/portable/raspberrypi/rp2040/rp2040_usb.c.obj
                0x00000000200055bc                hw_endpoint_xfer_start
 .text.hw_endpoint_xfer_continue
                0x00000000200056f4      0x1e4 CMakeFiles/z80_la.dir/tree/downloaded_tools/pico/pico-sdk/lib/tinyusb/src/portable/raspberrypi/rp2040/rp2040_usb.c.obj
                0x00000000200056f4                hw_endpoint_xfer_continue
 .text.tud_mounted
                0x00000000200058d8       0x10 CMakeFiles/z80_la.dir/tree/downloaded_tools/pico/pico-sdk/lib/tinyusb/src/device/usbd.c.obj
                0x00000000200058d8                tud_mounted
 .text.tud_suspended
                0x00000000200058e8       0x10 CMakeFiles/z80_la.dir/tree/downloaded_tools/pico/pico-sdk/lib/tinyusb/src/device/usbd.c.obj
                0x00000000200058e8                tud_suspended
 .text.tud_inited
                0x00000000200058f8        0xc CMakeFiles/z80_la.dir/tree/downloaded_tools/pico/pico-sdk/lib/tinyusb/src/device/usbd.c.obj
                0x00000000200058f8                tud_inited
 .text.tud_init
                0x0000000020005904       0xd8 CMakeFiles/z80_la.dir/tree/downloaded_tools/pico/pico-sdk/lib/tinyusb/src/device/usbd.c.obj
                0x0000000020005904                tud_init
 .text.tud_task
                0x00000000200059dc      0x8ec CMakeFiles/z80_la.dir/tree/downloaded_tools/pico/pico-sdk/lib/tinyusb/src/device/usbd.c.obj
                0x00000000200059dc                tud_task
 .text.dcd_event_bus_signal
                0x00000000200062c8      0x120 CMakeFiles/z80_la.dir/tree/downloaded_tools/pico/pico-sdk/lib/tinyusb/src/device/usbd.c.obj
                0x00000000200062c8                dcd_event_bus_signal
 .text.dcd_event_bus_reset
                0x00000000200063e8       0x54 CMakeFiles/z80_la.dir/tree/downloaded_tools/pico/pico-sdk/lib/tinyusb/src/device/usbd.c.obj
                0x00000000200063e8                dcd_event_bus_reset
 .text.dcd_event_setup_received
                0x000000002000643c       0x50 CMakeFiles/z80_la.dir/tree/downloaded_tools/pico/pico-sdk/lib/tinyusb/src/device/usbd.c.obj
                0x000000002000643c                dcd_event_setup_received
 .text.dcd_event_xfer_complete
                0x000000002000648c       0x68 CMakeFiles/z80_la.dir/tree/downloaded_tools/pico/pico-sdk/lib/tinyusb/src/device/usbd.c.obj
                0x000000002000648c                dcd_event_xfer_complete
 .text.usbd_open_edpt_pair
                0x00000000200064f4       0x80 CMakeFiles/z80_la.dir/tree/downloaded_tools/pico/pico-sdk/lib/tinyusb/src/device/usbd.c.obj
                0x00000000200064f4                usbd_open_edpt_pair
 .text.usbd_edpt_open
                0x0000000020006574       0x30 CMakeFiles/z80_la.dir/tree/downloaded_tools/pico/pico-sdk/lib/tinyusb/src/device/usbd.c.obj
                0x0000000020006574                usbd_edpt_open
 .text.usbd_edpt_claim
                0x00000000200065a4       0x64 CMakeFiles/z80_la.dir/tree/downloaded_tools/pico/pico-sdk/lib/tinyusb/src/device/usbd.c.obj
                0x00000000200065a4                usbd_edpt_claim
 .text.usbd_edpt_release
                0x0000000020006608       0x4c CMakeFiles/z80_la.dir/tree/downloaded_tools/pico/pico-sdk/lib/tinyusb/src/device/usbd.c.obj
                0x0000000020006608                usbd_edpt_release
 .text.usbd_edpt_xfer
                0x0000000020006654       0x48 CMakeFiles/z80_la.dir/tree/downloaded_tools/pico/pico-sdk/lib/tinyusb/src/device/usbd.c.obj
                0x0000000020006654                usbd_edpt_xfer
 .text.tud_control_status
                0x000000002000669c       0x30 CMakeFiles/z80_la.dir/tree/downloaded_tools/pico/pico-sdk/lib/tinyusb/src/device/usbd_control.c.obj
                0x000000002000669c                tud_control_status
 .text.tud_control_xfer
                0x00000000200066cc       0xb8 CMakeFiles/z80_la.dir/tree/downloaded_tools/pico/pico-sdk/lib/tinyusb/src/device/usbd_control.c.obj
                0x00000000200066cc                tud_control_xfer
 .text.usbd_control_reset
                0x0000000020006784       0x14 CMakeFiles/z80_la.dir/tree/downloaded_tools/pico/pico-sdk/lib/tinyusb/src/device/usbd_control.c.obj
                0x0000000020006784                usbd_control_reset
 .text.usbd_control_set_complete_callback
                0x0000000020006798        0xc CMakeFiles/z80_la.dir/tree/downloaded_tools/pico/pico-sdk/lib/tinyusb/src/device/usbd_control.c.obj
                0x0000000020006798                usbd_control_set_complete_callback
 .text.usbd_control_set_request
                0x00000000200067a4       0x1c CMakeFiles/z80_la.dir/tree/downloaded_tools/pico/pico-sdk/lib/tinyusb/src/device/usbd_control.c.obj
                0x00000000200067a4                usbd_control_set_request
 .text.usbd_control_xfer_cb
                0x00000000200067c0       0xf8 CMakeFiles/z80_la.dir/tree/downloaded_tools/pico/pico-sdk/lib/tinyusb/src/device/usbd_control.c.obj
                0x00000000200067c0                usbd_control_xfer_cb
 .text.tud_cdc_n_connected
                0x00000000200068b8       0x30 CMakeFiles/z80_la.dir/tree/downloaded_tools/pico/pico-sdk/lib/tinyusb/src/class/cdc/cdc_device.c.obj
                0x00000000200068b8                tud_cdc_n_connected
 .text.tud_cdc_n_available
                0x00000000200068e8       0x18 CMakeFiles/z80_la.dir/tree/downloaded_tools/pico/pico-sdk/lib/tinyusb/src/class/cdc/cdc_device.c.obj
                0x00000000200068e8                tud_cdc_n_available
 .text.tud_cdc_n_read
                0x0000000020006900       0x70 CMakeFiles/z80_la.dir/tree/downloaded_tools/pico/pico-sdk/lib/tinyusb/src/class/cdc/cdc_device.c.obj
                0x0000000020006900                tud_cdc_n_read
 .text.tud_cdc_n_write_flush
                0x0000000020006970       0x78 CMakeFiles/z80_la.dir/tree/downloaded_tools/pico/pico-sdk/lib/tinyusb/src/class/cdc/cdc_device.c.obj
                0x0000000020006970                tud_cdc_n_write_flush
 .text.tud_cdc_n_write
                0x00000000200069e8       0x34 CMakeFiles/z80_la.dir/tree/downloaded_tools/pico/pico-sdk/lib/tinyusb/src/class/cdc/cdc_device.c.obj
                0x00000000200069e8                tud_cdc_n_write
 .text.tud_cdc_n_write_available
                0x0000000020006a1c       0x18 CMakeFiles/z80_la.dir/tree/downloaded_tools/pico/pico-sdk/lib/tinyusb/src/class/cdc/cdc_device.c.obj
                0x0000000020006a1c                tud_cdc_n_write_available
 .text.cdcd_init
                0x0000000020006a34       0x7c CMakeFiles/z80_la.dir/tree/downloaded_tools/pico/pico-sdk/lib/tinyusb/src/class/cdc/cdc_device.c.obj
                0x0000000020006a34                cdcd_init
 .text.cdcd_reset
                0x0000000020006ab0       0x2c CMakeFiles/z80_la.dir/tree/downloaded_tools/pico/pico-sdk/lib/tinyusb/src/class/cdc/cdc_device.c.obj
                0x0000000020006ab0                cdcd_reset
 .text.cdcd_open
                0x0000000020006adc       0xe4 CMakeFiles/z80_la.dir/tree/downloaded_tools/pico/pico-sdk/lib/tinyusb/src/class/cdc/cdc_device.c.obj
                0x0000000020006adc                cdcd_open
 .text.cdcd_control_xfer_cb
                0x0000000020006bc0       0xe4 CMakeFiles/z80_la.dir/tree/downloaded_tools/pico/pico-sdk/lib/tinyusb/src/class/cdc/cdc_device.c.obj
                0x0000000020006bc0                cdcd_control_xfer_cb
 .text.cdcd_xfer_cb
                0x0000000020006ca4      0x198 CMakeFiles/z80_la.dir/tree/downloaded_tools/pico/pico-sdk/lib/tinyusb/src/class/cdc/cdc_device.c.obj
                0x0000000020006ca4                cdcd_xfer_cb
 .text.tusb_init
                0x0000000020006e3c        0xc CMakeFiles/z80_la.dir/tree/downloaded_tools/pico/pico-sdk/lib/tinyusb/src/tusb.c.obj
                0x0000000020006e3c                tusb_init
 .text.tusb_inited
                0x0000000020006e48        0x8 CMakeFiles/z80_la.dir/tree/downloaded_tools/pico/pico-sdk/lib/tinyusb/src/tusb.c.obj
                0x0000000020006e48                tusb_inited
 .text.tu_edpt_validate
                0x0000000020006e50       0x78 CMakeFiles/z80_la.dir/tree/downloaded_tools/pico/pico-sdk/lib/tinyusb/src/tusb.c.obj
                0x0000000020006e50                tu_edpt_validate
 .text.tu_edpt_bind_driver
                0x0000000020006ec8       0x2c CMakeFiles/z80_la.dir/tree/downloaded_tools/pico/pico-sdk/lib/tinyusb/src/tusb.c.obj
                0x0000000020006ec8                tu_edpt_bind_driver
 .text.tu_fifo_config
                0x0000000020006ef4       0x78 CMakeFiles/z80_la.dir/tree/downloaded_tools/pico/pico-sdk/lib/tinyusb/src/common/tusb_fifo.c.obj
                0x0000000020006ef4                tu_fifo_config
 .text.tu_fifo_count
                0x0000000020006f6c       0x20 CMakeFiles/z80_la.dir/tree/downloaded_tools/pico/pico-sdk/lib/tinyusb/src/common/tusb_fifo.c.obj
                0x0000000020006f6c                tu_fifo_count
 .text.tu_fifo_empty
                0x0000000020006f8c       0x10 CMakeFiles/z80_la.dir/tree/downloaded_tools/pico/pico-sdk/lib/tinyusb/src/common/tusb_fifo.c.obj
                0x0000000020006f8c                tu_fifo_empty
 .text.tu_fifo_remaining
                0x0000000020006f9c       0x1c CMakeFiles/z80_la.dir/tree/downloaded_tools/pico/pico-sdk/lib/tinyusb/src/common/tusb_fifo.c.obj
                0x0000000020006f9c                tu_fifo_remaining
 .text.tu_fifo_read
                0x0000000020006fb8       0x9c CMakeFiles/z80_la.dir/tree/downloaded_tools/pico/pico-sdk/lib/tinyusb/src/common/tusb_fifo.c.obj
                0x0000000020006fb8                tu_fifo_read
 .text.tu_fifo_read_n
                0x0000000020007054      0x100 CMakeFiles/z80_la.dir/tree/downloaded_tools/pico/pico-sdk/lib/tinyusb/src/common/tusb_fifo.c.obj
                0x0000000020007054                tu_fifo_read_n
 .text.tu_fifo_write
                0x0000000020007154       0x7c CMakeFiles/z80_la.dir/tree/downloaded_tools/pico/pico-sdk/lib/tinyusb/src/common/tusb_fifo.c.obj
                0x0000000020007154                tu_fifo_write
 .text.tu_fifo_write_n
                0x00000000200071d0       0xf8 CMakeFiles/z80_la.dir/tree/downloaded_tools/pico/pico-sdk/lib/tinyusb/src/common/tusb_fifo.c.obj
                0x00000000200071d0                tu_fifo_write_n
 .text.tu_fifo_clear
                0x00000000200072c8       0x4c CMakeFiles/z80_la.dir/tree/downloaded_tools/pico/pico-sdk/lib/tinyusb/src/common/tusb_fifo.c.obj
                0x00000000200072c8                tu_fifo_clear
 .text.tu_fifo_set_overwritable
                0x0000000020007314       0x3c CMakeFiles/z80_la.dir/tree/downloaded_tools/pico/pico-sdk/lib/tinyusb/src/common/tusb_fifo.c.obj
                0x0000000020007314                tu_fifo_set_overwritable
 .text.startup._retrieve_unique_id_on_boot
                0x0000000020007350       0x10 CMakeFiles/z80_la.dir/tree/downloaded_tools/pico/pico-sdk/src/rp2_common/pico_unique_id/unique_id.c.obj
 .text.pico_get_unique_board_id_string
                0x0000000020007360      0x1bc CMakeFiles/z80_la.dir/tree/downloaded_tools/pico/pico-sdk/src/rp2_common/pico_unique_id/unique_id.c.obj
                0x0000000020007360                pico_get_unique_board_id_string
 .text.flash_get_unique_id
                0x000000002000751c       0x40 CMakeFiles/z80_la.dir/tree/downloaded_tools/pico/pico-sdk/src/rp2_common/hardware_flash/flash.c.obj
                0x000000002000751c                flash_get_unique_id
 .text.pio_add_program
                0x000000002000755c       0xe4 CMakeFiles/z80_la.dir/tree/downloaded_tools/pico/pico-sdk/src/rp2_common/hardware_pio/pio.c.obj
                0x000000002000755c                pio_add_program
 .text.pio_sm_init
                0x0000000020007640       0x90 CMakeFiles/z80_la.dir/tree/downloaded_tools/pico/pico-sdk/src/rp2_common/hardware_pio/pio.c.obj
                0x0000000020007640                pio_sm_init
 .text          0x00000000200076d0        0x4 /usr/lib/gcc/arm-none-eabi/9.2.1/thumb/v6-m/nofp/libgcc.a(_dvmd_tls.o)
                0x00000000200076d0                __aeabi_ldiv0
                0x00000000200076d0                __aeabi_idiv0
 .text          0x00000000200076d4       0x28 /usr/lib/gcc/arm-none-eabi/9.2.1/../../../arm-none-eabi/lib/thumb/v6-m/nofp/libc.a(lib_a-malloc.o)
                0x00000000200076d4                malloc
                0x00000000200076e8                free
 .text          0x00000000200076fc      0x58c /usr/lib/gcc/arm-none-eabi/9.2.1/../../../arm-none-eabi/lib/thumb/v6-m/nofp/libc.a(lib_a-mallocr.o)
                0x00000000200076fc                _malloc_r
 .text          0x0000000020007c88        0x8 /usr/lib/gcc/arm-none-eabi/9.2.1/../../../arm-none-eabi/lib/thumb/v6-m/nofp/libc.a(lib_a-mlock.o)
                0x0000000020007c88                __malloc_lock
                0x0000000020007c8c                __malloc_unlock
 .text          0x0000000020007c90       0x24 /usr/lib/gcc/arm-none-eabi/9.2.1/../../../arm-none-eabi/lib/thumb/v6-m/nofp/libc.a(lib_a-sbrkr.o)
                0x0000000020007c90                _sbrk_r
 .text          0x0000000020007cb4       0x68 /usr/lib/gcc/arm-none-eabi/9.2.1/../../../arm-none-eabi/lib/thumb/v6-m/nofp/libc.a(lib_a-strlen-stub.o)
                0x0000000020007cb4                strlen
 .text          0x0000000020007d1c      0x27c /usr/lib/gcc/arm-none-eabi/9.2.1/../../../arm-none-eabi/lib/thumb/v6-m/nofp/libc.a(lib_a-freer.o)
                0x0000000020007d1c                _malloc_trim_r
                0x0000000020007dbc                _free_r
 *(.fini)
 .fini          0x0000000020007f98        0x4 /usr/lib/gcc/arm-none-eabi/9.2.1/thumb/v6-m/nofp/crti.o
                0x0000000020007f98                _fini
 *fill*         0x0000000020007f9c        0x4 
 .fini.__stub   0x0000000020007fa0       0x10 linker stubs
 *crtbegin.o(.ctors)
 *crtbegin?.o(.ctors)
 *(EXCLUDE_FILE(*crtend.o *crtend?.o) .ctors)
 *(SORT_BY_NAME(.ctors.*))
 *(.ctors)
 *crtbegin.o(.dtors)
 *crtbegin?.o(.dtors)
 *(EXCLUDE_FILE(*crtend.o *crtend?.o) .dtors)
 *(SORT_BY_NAME(.dtors.*))
 *(.dtors)
 *(.eh_frame*)
 .eh_frame      0x0000000020007fb0        0x0 /usr/lib/gcc/arm-none-eabi/9.2.1/thumb/v6-m/nofp/crtbegin.o
                0x0000000020007fb0                . = ALIGN (0x4)
                0x0000000020007fb0                __ram_text_end__ = .
                0x000000001000030c                __ram_text_source__ = LOADADDR (.text)

.glue_7         0x0000000020007fb0        0x0 load address 0x00000000100081fc
 .glue_7        0x0000000020007fb0        0x0 linker stubs

.glue_7t        0x0000000020007fb0        0x0 load address 0x00000000100081fc
 .glue_7t       0x0000000020007fb0        0x0 linker stubs

.vfp11_veneer   0x0000000020007fb0        0x0 load address 0x00000000100081fc
 .vfp11_veneer  0x0000000020007fb0        0x0 linker stubs

.v4_bx          0x0000000020007fb0        0x0 load address 0x00000000100081fc
 .v4_bx         0x0000000020007fb0        0x0 linker stubs

.iplt           0x0000000020007fb0        0x0 load address 0x00000000100081fc
 .iplt          0x0000000020007fb0        0x0 /usr/lib/gcc/arm-none-eabi/9.2.1/thumb/v6-m/nofp/crtbegin.o

.rel.dyn        0x0000000020007fb0        0x0 load address 0x00000000100081fc
 .rel.iplt      0x0000000020007fb0        0x0 /usr/lib/gcc/arm-none-eabi/9.2.1/thumb/v6-m/nofp/crtbegin.o

.data           0x0000000020007fb0     0x11d0 load address 0x00000000100081fc
                0x0000000020007fb0                __data_start__ = .
 *(vtable)
 *(.time_critical*)
 .time_critical.mutex_enter_blocking
                0x0000000020007fb0       0x48 CMakeFiles/z80_la.dir/tree/downloaded_tools/pico/pico-sdk/src/common/pico_sync/mutex.c.obj
                0x0000000020007fb0                mutex_enter_blocking
 .time_critical.mutex_try_enter
                0x0000000020007ff8       0x48 CMakeFiles/z80_la.dir/tree/downloaded_tools/pico/pico-sdk/src/common/pico_sync/mutex.c.obj
                0x0000000020007ff8                mutex_try_enter
 .time_critical.mutex_enter_timeout_ms
                0x0000000020008040       0x98 CMakeFiles/z80_la.dir/tree/downloaded_tools/pico/pico-sdk/src/common/pico_sync/mutex.c.obj
                0x0000000020008040                mutex_enter_timeout_ms
 .time_critical.mutex_exit
                0x00000000200080d8       0x28 CMakeFiles/z80_la.dir/tree/downloaded_tools/pico/pico-sdk/src/common/pico_sync/mutex.c.obj
                0x00000000200080d8                mutex_exit
 .time_critical.flash_init_boot2_copyout
                0x0000000020008100       0x30 CMakeFiles/z80_la.dir/tree/downloaded_tools/pico/pico-sdk/src/rp2_common/hardware_flash/flash.c.obj
 .time_critical.flash_enable_xip_via_boot2
                0x0000000020008130       0x10 CMakeFiles/z80_la.dir/tree/downloaded_tools/pico/pico-sdk/src/rp2_common/hardware_flash/flash.c.obj
 .time_critical.flash_cs_force
                0x0000000020008140       0x38 CMakeFiles/z80_la.dir/tree/downloaded_tools/pico/pico-sdk/src/rp2_common/hardware_flash/flash.c.obj
 .time_critical.flash_do_cmd
                0x0000000020008178       0xc4 CMakeFiles/z80_la.dir/tree/downloaded_tools/pico/pico-sdk/src/rp2_common/hardware_flash/flash.c.obj
                0x0000000020008178                flash_do_cmd
                0x000000002000823c                . = ALIGN (0x4)
 *(.rodata*)
 .rodata.print_capture_buf2.str1.4
                0x000000002000823c       0x13 CMakeFiles/z80_la.dir/z80_la.c.obj
 *fill*         0x000000002000824f        0x1 
 .rodata.print_capture_buf.str1.4
                0x0000000020008250       0x19 CMakeFiles/z80_la.dir/z80_la.c.obj
 *fill*         0x0000000020008269        0x3 
 .rodata.main.str1.4
                0x000000002000826c       0x2b CMakeFiles/z80_la.dir/z80_la.c.obj
 *fill*         0x0000000020008297        0x1 
 .rodata.spin_lock_claim_unused.str1.4
                0x0000000020008298       0x1b CMakeFiles/z80_la.dir/tree/downloaded_tools/pico/pico-sdk/src/rp2_common/hardware_sync/sync.c.obj
 *fill*         0x00000000200082b3        0x1 
 .rodata.user_irq_claim_unused.str1.4
                0x00000000200082b4       0x1b CMakeFiles/z80_la.dir/tree/downloaded_tools/pico/pico-sdk/src/rp2_common/hardware_irq/irq.c.obj
 *fill*         0x00000000200082cf        0x1 
 .rodata.hardware_alarm_claim.str1.4
                0x00000000200082d0       0x22 CMakeFiles/z80_la.dir/tree/downloaded_tools/pico/pico-sdk/src/rp2_common/hardware_timer/timer.c.obj
 *fill*         0x00000000200082f2        0x2 
 .rodata.panic.str1.4
                0x00000000200082f4       0x12 CMakeFiles/z80_la.dir/tree/downloaded_tools/pico/pico-sdk/src/rp2_common/pico_runtime/runtime.c.obj
 *fill*         0x0000000020008306        0x2 
 .rodata.hard_assertion_failure.str1.4
                0x0000000020008308        0xc CMakeFiles/z80_la.dir/tree/downloaded_tools/pico/pico-sdk/src/rp2_common/pico_runtime/runtime.c.obj
 .rodata._ftoa.str1.4
                0x0000000020008314       0x15 CMakeFiles/z80_la.dir/tree/downloaded_tools/pico/pico-sdk/src/rp2_common/pico_printf/printf.c.obj
 *fill*         0x0000000020008329        0x3 
 .rodata._vsnprintf
                0x000000002000832c      0x1e0 CMakeFiles/z80_la.dir/tree/downloaded_tools/pico/pico-sdk/src/rp2_common/pico_printf/printf.c.obj
 *fill*         0x000000002000850c        0x4 
 .rodata.pow10.5444
                0x0000000020008510       0x50 CMakeFiles/z80_la.dir/tree/downloaded_tools/pico/pico-sdk/src/rp2_common/pico_printf/printf.c.obj
 .rodata.__wrap_malloc.str1.4
                0x0000000020008560        0xe CMakeFiles/z80_la.dir/tree/downloaded_tools/pico/pico-sdk/src/rp2_common/pico_malloc/pico_malloc.c.obj
 *fill*         0x000000002000856e        0x2 
 .rodata.str1.4
                0x0000000020008570       0x40 CMakeFiles/z80_la.dir/tree/downloaded_tools/pico/pico-sdk/src/rp2_common/pico_standard_link/binary_info.c.obj
 .rodata.__bi_44
                0x00000000200085b0        0xc CMakeFiles/z80_la.dir/tree/downloaded_tools/pico/pico-sdk/src/rp2_common/pico_standard_link/binary_info.c.obj
 .rodata.__bi_56
                0x00000000200085bc        0xc CMakeFiles/z80_la.dir/tree/downloaded_tools/pico/pico-sdk/src/rp2_common/pico_standard_link/binary_info.c.obj
 .rodata.__bi_75
                0x00000000200085c8        0xc CMakeFiles/z80_la.dir/tree/downloaded_tools/pico/pico-sdk/src/rp2_common/pico_standard_link/binary_info.c.obj
 .rodata.__bi_81
                0x00000000200085d4        0xc CMakeFiles/z80_la.dir/tree/downloaded_tools/pico/pico-sdk/src/rp2_common/pico_standard_link/binary_info.c.obj
 .rodata.crlf_str.6065
                0x00000000200085e0        0x2 CMakeFiles/z80_la.dir/tree/downloaded_tools/pico/pico-sdk/src/rp2_common/pico_stdio/stdio.c.obj
 *fill*         0x00000000200085e2        0x2 
 .rodata.str1.4
                0x00000000200085e4       0x2c CMakeFiles/z80_la.dir/tree/downloaded_tools/pico/pico-sdk/src/rp2_common/pico_stdio_uart/stdio_uart.c.obj
 .rodata.__bi_28.4859
                0x0000000020008610        0xc CMakeFiles/z80_la.dir/tree/downloaded_tools/pico/pico-sdk/src/rp2_common/pico_stdio_uart/stdio_uart.c.obj
 .rodata.__bi_29.4863
                0x000000002000861c        0x8 CMakeFiles/z80_la.dir/tree/downloaded_tools/pico/pico-sdk/src/rp2_common/pico_stdio_uart/stdio_uart.c.obj
 .rodata._resetd_driver
                0x0000000020008624       0x18 CMakeFiles/z80_la.dir/tree/downloaded_tools/pico/pico-sdk/src/rp2_common/pico_stdio_usb/reset_interface.c.obj
 .rodata.str1.4
                0x000000002000863c       0x13 CMakeFiles/z80_la.dir/tree/downloaded_tools/pico/pico-sdk/src/rp2_common/pico_stdio_usb/stdio_usb.c.obj
 *fill*         0x000000002000864f        0x1 
 .rodata.__bi_118.7207
                0x0000000020008650        0xc CMakeFiles/z80_la.dir/tree/downloaded_tools/pico/pico-sdk/src/rp2_common/pico_stdio_usb/stdio_usb.c.obj
 .rodata.str1.4
                0x000000002000865c       0x2a CMakeFiles/z80_la.dir/tree/downloaded_tools/pico/pico-sdk/src/rp2_common/pico_stdio_usb/stdio_usb_descriptors.c.obj
 *fill*         0x0000000020008686        0x2 
 .rodata.usbd_desc_cfg
                0x0000000020008688       0x54 CMakeFiles/z80_la.dir/tree/downloaded_tools/pico/pico-sdk/src/rp2_common/pico_stdio_usb/stdio_usb_descriptors.c.obj
 .rodata.usbd_desc_device
                0x00000000200086dc       0x12 CMakeFiles/z80_la.dir/tree/downloaded_tools/pico/pico-sdk/src/rp2_common/pico_stdio_usb/stdio_usb_descriptors.c.obj
 *fill*         0x00000000200086ee        0x2 
 .rodata.usbd_desc_str
                0x00000000200086f0       0x18 CMakeFiles/z80_la.dir/tree/downloaded_tools/pico/pico-sdk/src/rp2_common/pico_stdio_usb/stdio_usb_descriptors.c.obj
 .rodata.dcd_rp2040_irq.str1.4
                0x0000000020008708       0x14 CMakeFiles/z80_la.dir/tree/downloaded_tools/pico/pico-sdk/lib/tinyusb/src/portable/raspberrypi/rp2040/dcd_rp2040.c.obj
 .rodata._hw_endpoint_buffer_control_update32.part.0.str1.4
                0x000000002000871c       0x1f CMakeFiles/z80_la.dir/tree/downloaded_tools/pico/pico-sdk/lib/tinyusb/src/portable/raspberrypi/rp2040/rp2040_usb.c.obj
 *fill*         0x000000002000873b        0x1 
 .rodata.hw_endpoint_xfer_continue.str1.4
                0x000000002000873c       0x29 CMakeFiles/z80_la.dir/tree/downloaded_tools/pico/pico-sdk/lib/tinyusb/src/portable/raspberrypi/rp2040/rp2040_usb.c.obj
 .rodata.str1.4
                0x0000000020008765       0x29 CMakeFiles/z80_la.dir/tree/downloaded_tools/pico/pico-sdk/lib/tinyusb/src/portable/raspberrypi/rp2040/rp2040_usb.c.obj
                                          0x7 (size before relaxing)
 *fill*         0x0000000020008765        0x3 
 .rodata.tud_task
                0x0000000020008768       0x8c CMakeFiles/z80_la.dir/tree/downloaded_tools/pico/pico-sdk/lib/tinyusb/src/device/usbd.c.obj
 .rodata._usbd_driver
                0x00000000200087f4       0x18 CMakeFiles/z80_la.dir/tree/downloaded_tools/pico/pico-sdk/lib/tinyusb/src/device/usbd.c.obj
 .rodata.pio_add_program.str1.4
                0x000000002000880c       0x11 CMakeFiles/z80_la.dir/tree/downloaded_tools/pico/pico-sdk/src/rp2_common/hardware_pio/pio.c.obj
                0x0000000020008820                . = ALIGN (0x4)
 *fill*         0x000000002000881d        0x3 
 *(.data*)
 .data.striped_spin_lock_num
                0x0000000020008820        0x1 CMakeFiles/z80_la.dir/tree/downloaded_tools/pico/pico-sdk/src/rp2_common/hardware_sync/sync.c.obj
 *fill*         0x0000000020008821        0x3 
 .data          0x0000000020008824       0x48 CMakeFiles/z80_la.dir/tree/downloaded_tools/pico/pico-sdk/src/rp2_common/hardware_irq/irq_handler_chain.S.obj
                0x0000000020008824                irq_handler_chain_slots
                0x0000000020008854                irq_handler_chain_first_slot
                0x000000002000885e                irq_handler_chain_remove_tail
 .data.default_alarm_pool
                0x000000002000886c       0x18 CMakeFiles/z80_la.dir/tree/downloaded_tools/pico/pico-sdk/src/common/pico_time/time.c.obj
 .data.default_alarm_pool_heap
                0x0000000020008884       0x10 CMakeFiles/z80_la.dir/tree/downloaded_tools/pico/pico-sdk/src/common/pico_time/time.c.obj
 *fill*         0x0000000020008894        0xc 
 .data.aeabi_bits_funcs
                0x00000000200088a0       0x10 CMakeFiles/z80_la.dir/tree/downloaded_tools/pico/pico-sdk/src/rp2_common/pico_bit_ops/bit_ops_aeabi.S.obj
                0x00000000200088a0                aeabi_bits_funcs
                0x00000000200088b0                aeabi_bits_funcs_end
 .data.aeabi_mem_funcs
                0x00000000200088b0       0x10 CMakeFiles/z80_la.dir/tree/downloaded_tools/pico/pico-sdk/src/rp2_common/pico_mem_ops/mem_ops_aeabi.S.obj
                0x00000000200088b0                aeabi_mem_funcs
                0x00000000200088c0                aeabi_mem_funcs_end
 .data.stdio_uart
                0x00000000200088c0       0x14 CMakeFiles/z80_la.dir/tree/downloaded_tools/pico/pico-sdk/src/rp2_common/pico_stdio_uart/stdio_uart.c.obj
                0x00000000200088c0                stdio_uart
 .data.stdio_usb
                0x00000000200088d4       0x14 CMakeFiles/z80_la.dir/tree/downloaded_tools/pico/pico-sdk/src/rp2_common/pico_stdio_usb/stdio_usb.c.obj
                0x00000000200088d4                stdio_usb
 .data.ep_dir_string
                0x00000000200088e8        0x8 CMakeFiles/z80_la.dir/tree/downloaded_tools/pico/pico-sdk/lib/tinyusb/src/portable/raspberrypi/rp2040/rp2040_usb.c.obj
                0x00000000200088e8                ep_dir_string
 .data._usbd_qdef
                0x00000000200088f0       0x24 CMakeFiles/z80_la.dir/tree/downloaded_tools/pico/pico-sdk/lib/tinyusb/src/device/usbd.c.obj
                0x00000000200088f0                _usbd_qdef
 *fill*         0x0000000020008914        0x4 
 .data          0x0000000020008918      0x430 /usr/lib/gcc/arm-none-eabi/9.2.1/../../../arm-none-eabi/lib/thumb/v6-m/nofp/libc.a(lib_a-impure.o)
                0x0000000020008918                _impure_ptr
 .data          0x0000000020008d48      0x410 /usr/lib/gcc/arm-none-eabi/9.2.1/../../../arm-none-eabi/lib/thumb/v6-m/nofp/libc.a(lib_a-mallocr.o)
                0x0000000020008d48                __malloc_sbrk_base
                0x0000000020008d4c                __malloc_trim_threshold
                0x0000000020008d50                __malloc_av_
                0x0000000020009158                . = ALIGN (0x4)
 *(.after_data.*)
                0x0000000020009158                . = ALIGN (0x4)
                0x0000000020009158                PROVIDE (__mutex_array_start = .)
 *(SORT_BY_NAME(.mutex_array.*))
 *(.mutex_array)
 .mutex_array   0x0000000020009158        0x8 CMakeFiles/z80_la.dir/tree/downloaded_tools/pico/pico-sdk/src/rp2_common/pico_malloc/pico_malloc.c.obj
 .mutex_array   0x0000000020009160        0x8 CMakeFiles/z80_la.dir/tree/downloaded_tools/pico/pico-sdk/src/rp2_common/pico_stdio/stdio.c.obj
                0x0000000020009168                PROVIDE (__mutex_array_end = .)
                0x0000000020009168                . = ALIGN (0x4)
                0x0000000020009168                PROVIDE (__preinit_array_start = .)
 *(SORT_BY_NAME(.preinit_array.*))
 .preinit_array.00001
                0x0000000020009168        0x4 CMakeFiles/z80_la.dir/tree/downloaded_tools/pico/pico-sdk/src/rp2_common/pico_mem_ops/mem_ops_aeabi.S.obj
 .preinit_array.00010
                0x000000002000916c        0x4 CMakeFiles/z80_la.dir/tree/downloaded_tools/pico/pico-sdk/src/rp2_common/pico_bit_ops/bit_ops_aeabi.S.obj
 .preinit_array.00020
                0x0000000020009170        0x4 CMakeFiles/z80_la.dir/tree/downloaded_tools/pico/pico-sdk/src/rp2_common/pico_double/double_aeabi.S.obj
 .preinit_array.00020
                0x0000000020009174        0x4 CMakeFiles/z80_la.dir/tree/downloaded_tools/pico/pico-sdk/src/rp2_common/pico_float/float_aeabi.S.obj
 *(.preinit_array)
                0x0000000020009178                PROVIDE (__preinit_array_end = .)
                0x0000000020009178                . = ALIGN (0x4)
                0x0000000020009178                PROVIDE (__init_array_start = .)
 *(SORT_BY_NAME(.init_array.*))
 *(.init_array)
 .init_array    0x0000000020009178        0x4 /usr/lib/gcc/arm-none-eabi/9.2.1/thumb/v6-m/nofp/crtbegin.o
 .init_array    0x000000002000917c        0x4 CMakeFiles/z80_la.dir/tree/downloaded_tools/pico/pico-sdk/src/rp2_common/pico_unique_id/unique_id.c.obj
                0x0000000020009180                PROVIDE (__init_array_end = .)
                0x0000000020009180                . = ALIGN (0x4)
                0x0000000020009180                PROVIDE (__fini_array_start = .)
 *(SORT_BY_NAME(.fini_array.*))
 *(.fini_array)
                0x0000000020009180                PROVIDE (__fini_array_end = .)
 *(.jcr)
                0x0000000020009180                . = ALIGN (0x4)
                0x0000000020009180                __data_end__ = .
                0x00000000100081fc                __etext = LOADADDR (.data)

.tm_clone_table
                0x0000000020009180        0x0 load address 0x00000000100093cc
 .tm_clone_table
                0x0000000020009180        0x0 /usr/lib/gcc/arm-none-eabi/9.2.1/thumb/v6-m/nofp/crtbegin.o
 .tm_clone_table
                0x0000000020009180        0x0 /usr/lib/gcc/arm-none-eabi/9.2.1/thumb/v6-m/nofp/crtend.o

.igot.plt       0x0000000020009180        0x0 load address 0x00000000100093cc
 .igot.plt      0x0000000020009180        0x0 /usr/lib/gcc/arm-none-eabi/9.2.1/thumb/v6-m/nofp/crtbegin.o

.uninitialized_data
                0x0000000020009180        0x0 load address 0x00000000100093cc
                0x0000000020009180                . = ALIGN (0x4)
 *(.uninitialized_data*)

.scratch_x      0x0000000020040000        0x0 load address 0x00000000100093cc
                0x0000000020040000                __scratch_x_start__ = .
 *(.scratch_x.*)
                0x0000000020040000                . = ALIGN (0x4)
                0x0000000020040000                __scratch_x_end__ = .
                0x00000000100093cc                __scratch_x_source__ = LOADADDR (.scratch_x)

.scratch_y      0x0000000020041000        0x0 load address 0x00000000100093cc
                0x0000000020041000                __scratch_y_start__ = .
 *(.scratch_y.*)
                0x0000000020041000                . = ALIGN (0x4)
                0x0000000020041000                __scratch_y_end__ = .
                0x00000000100093cc                __scratch_y_source__ = LOADADDR (.scratch_y)

.bss            0x0000000020009180      0xdd4
                0x0000000020009180                . = ALIGN (0x4)
                0x0000000020009180                __bss_start__ = .
 *(SORT_BY_ALIGNMENT(SORT_BY_NAME(.bss*)))
 .bss.default_alarm_pool_entries
                0x0000000020009180      0x100 CMakeFiles/z80_la.dir/tree/downloaded_tools/pico/pico-sdk/src/common/pico_time/time.c.obj
 .bss.last_avail_time.7186
                0x0000000020009280        0x8 CMakeFiles/z80_la.dir/tree/downloaded_tools/pico/pico-sdk/src/rp2_common/pico_stdio_usb/stdio_usb.c.obj
 .bss           0x0000000020009288       0x1c /usr/lib/gcc/arm-none-eabi/9.2.1/thumb/v6-m/nofp/crtbegin.o
 .bss           0x00000000200092a4       0x34 /usr/lib/gcc/arm-none-eabi/9.2.1/../../../arm-none-eabi/lib/thumb/v6-m/nofp/libc.a(lib_a-mallocr.o)
                0x00000000200092a4                __malloc_top_pad
                0x00000000200092a8                __malloc_current_mallinfo
                0x00000000200092d0                __malloc_max_sbrked_mem
                0x00000000200092d4                __malloc_max_total_mem
 .bss._app_driver
                0x00000000200092d8        0x4 CMakeFiles/z80_la.dir/tree/downloaded_tools/pico/pico-sdk/lib/tinyusb/src/device/usbd.c.obj
 .bss._cdcd_itf
                0x00000000200092dc      0x2d8 CMakeFiles/z80_la.dir/tree/downloaded_tools/pico/pico-sdk/lib/tinyusb/src/class/cdc/cdc_device.c.obj
 .bss._ctrl_xfer
                0x00000000200095b4       0x14 CMakeFiles/z80_la.dir/tree/downloaded_tools/pico/pico-sdk/lib/tinyusb/src/device/usbd_control.c.obj
 .bss._ubsd_mutexdef
                0x00000000200095c8        0x8 CMakeFiles/z80_la.dir/tree/downloaded_tools/pico/pico-sdk/lib/tinyusb/src/device/usbd.c.obj
 .bss._usbd_ctrl_buf
                0x00000000200095d0       0x40 CMakeFiles/z80_la.dir/tree/downloaded_tools/pico/pico-sdk/lib/tinyusb/src/device/usbd_control.c.obj
 .bss._usbd_dev
                0x0000000020009610       0x53 CMakeFiles/z80_la.dir/tree/downloaded_tools/pico/pico-sdk/lib/tinyusb/src/device/usbd.c.obj
 *fill*         0x0000000020009663        0x1 
 .bss._usbd_mutex
                0x0000000020009664        0x4 CMakeFiles/z80_la.dir/tree/downloaded_tools/pico/pico-sdk/lib/tinyusb/src/device/usbd.c.obj
 .bss._usbd_q   0x0000000020009668        0x4 CMakeFiles/z80_la.dir/tree/downloaded_tools/pico/pico-sdk/lib/tinyusb/src/device/usbd.c.obj
 .bss._used_instruction_space
                0x000000002000966c        0x8 CMakeFiles/z80_la.dir/tree/downloaded_tools/pico/pico-sdk/src/rp2_common/hardware_pio/pio.c.obj
 .bss.alarm_callbacks
                0x0000000020009674       0x10 CMakeFiles/z80_la.dir/tree/downloaded_tools/pico/pico-sdk/src/rp2_common/hardware_timer/timer.c.obj
 .bss.boot2_copyout
                0x0000000020009684      0x100 CMakeFiles/z80_la.dir/tree/downloaded_tools/pico/pico-sdk/src/rp2_common/hardware_flash/flash.c.obj
 .bss.claimed   0x0000000020009784        0x4 CMakeFiles/z80_la.dir/tree/downloaded_tools/pico/pico-sdk/src/rp2_common/hardware_sync/sync.c.obj
 .bss.configured_freq
                0x0000000020009788       0x28 CMakeFiles/z80_la.dir/tree/downloaded_tools/pico/pico-sdk/src/rp2_common/hardware_clocks/clocks.c.obj
 .bss.default_alarm_pool_entry_ids_high
                0x00000000200097b0       0x10 CMakeFiles/z80_la.dir/tree/downloaded_tools/pico/pico-sdk/src/common/pico_time/time.c.obj
 .bss.default_alarm_pool_heap_nodes
                0x00000000200097c0       0x30 CMakeFiles/z80_la.dir/tree/downloaded_tools/pico/pico-sdk/src/common/pico_time/time.c.obj
 .bss.desc_str.7071
                0x00000000200097f0       0x28 CMakeFiles/z80_la.dir/tree/downloaded_tools/pico/pico-sdk/src/rp2_common/pico_stdio_usb/stdio_usb_descriptors.c.obj
 .bss.drivers   0x0000000020009818        0x4 CMakeFiles/z80_la.dir/tree/downloaded_tools/pico/pico-sdk/src/rp2_common/pico_stdio/stdio.c.obj
 .bss.filter    0x000000002000981c        0x4 CMakeFiles/z80_la.dir/tree/downloaded_tools/pico/pico-sdk/src/rp2_common/pico_stdio/stdio.c.obj
 .bss.heap_end.5865
                0x0000000020009820        0x4 CMakeFiles/z80_la.dir/tree/downloaded_tools/pico/pico-sdk/src/rp2_common/pico_runtime/runtime.c.obj
 .bss.hw_endpoints
                0x0000000020009824      0x400 CMakeFiles/z80_la.dir/tree/downloaded_tools/pico/pico-sdk/lib/tinyusb/src/portable/raspberrypi/rp2040/dcd_rp2040.c.obj
 .bss.lazy_vsnprintf
                0x0000000020009c24        0x4 CMakeFiles/z80_la.dir/tree/downloaded_tools/pico/pico-sdk/src/rp2_common/pico_printf/printf.c.obj
 .bss.load_value
                0x0000000020009c28        0x4 CMakeFiles/z80_la.dir/tree/downloaded_tools/pico/pico-sdk/src/rp2_common/hardware_watchdog/watchdog.c.obj
 .bss.next_buffer_ptr
                0x0000000020009c2c        0x4 CMakeFiles/z80_la.dir/tree/downloaded_tools/pico/pico-sdk/lib/tinyusb/src/portable/raspberrypi/rp2040/dcd_rp2040.c.obj
 .bss.pools     0x0000000020009c30       0x10 CMakeFiles/z80_la.dir/tree/downloaded_tools/pico/pico-sdk/src/common/pico_time/time.c.obj
 .bss.retrieved_id
                0x0000000020009c40        0x8 CMakeFiles/z80_la.dir/tree/downloaded_tools/pico/pico-sdk/src/rp2_common/pico_unique_id/unique_id.c.obj
 .bss.sf_clz_func
                0x0000000020009c48        0x4 CMakeFiles/z80_la.dir/tree/downloaded_tools/pico/pico-sdk/src/rp2_common/pico_double/double_init_rom.c.obj
                0x0000000020009c48                sf_clz_func
 .bss.sleep_notifier
                0x0000000020009c4c        0x4 CMakeFiles/z80_la.dir/tree/downloaded_tools/pico/pico-sdk/src/common/pico_time/time.c.obj
 .bss.stdio_usb_mutex
                0x0000000020009c50        0x8 CMakeFiles/z80_la.dir/tree/downloaded_tools/pico/pico-sdk/src/rp2_common/pico_stdio_usb/stdio_usb.c.obj
 .bss.target_hi
                0x0000000020009c58       0x10 CMakeFiles/z80_la.dir/tree/downloaded_tools/pico/pico-sdk/src/rp2_common/hardware_timer/timer.c.obj
 .bss.uart_instance
                0x0000000020009c68        0x4 CMakeFiles/z80_la.dir/tree/downloaded_tools/pico/pico-sdk/src/rp2_common/pico_stdio_uart/stdio_uart.c.obj
 .bss.usbd_serial_str
                0x0000000020009c6c       0x11 CMakeFiles/z80_la.dir/tree/downloaded_tools/pico/pico-sdk/src/rp2_common/pico_stdio_usb/stdio_usb_descriptors.c.obj
 *fill*         0x0000000020009c7d        0x3 
 .bss.user_irq_claimed
                0x0000000020009c80        0x2 CMakeFiles/z80_la.dir/tree/downloaded_tools/pico/pico-sdk/src/rp2_common/hardware_irq/irq.c.obj
 .bss._app_driver_count
                0x0000000020009c82        0x1 CMakeFiles/z80_la.dir/tree/downloaded_tools/pico/pico-sdk/lib/tinyusb/src/device/usbd.c.obj
 .bss._usbd_initialized
                0x0000000020009c83        0x1 CMakeFiles/z80_la.dir/tree/downloaded_tools/pico/pico-sdk/lib/tinyusb/src/device/usbd.c.obj
 .bss.boot2_copyout_valid
                0x0000000020009c84        0x1 CMakeFiles/z80_la.dir/tree/downloaded_tools/pico/pico-sdk/src/rp2_common/hardware_flash/flash.c.obj
 .bss.claimed   0x0000000020009c85        0x1 CMakeFiles/z80_la.dir/tree/downloaded_tools/pico/pico-sdk/src/rp2_common/hardware_timer/timer.c.obj
 .bss.irq_hander_chain_free_slot_head
                0x0000000020009c86        0x1 CMakeFiles/z80_la.dir/tree/downloaded_tools/pico/pico-sdk/src/rp2_common/hardware_irq/irq.c.obj
 .bss.itf_num   0x0000000020009c87        0x1 CMakeFiles/z80_la.dir/tree/downloaded_tools/pico/pico-sdk/src/rp2_common/pico_stdio_usb/reset_interface.c.obj
 .bss.low_priority_irq_num
                0x0000000020009c88        0x1 CMakeFiles/z80_la.dir/tree/downloaded_tools/pico/pico-sdk/src/rp2_common/pico_stdio_usb/stdio_usb.c.obj
 .bss.timer_callbacks_pending
                0x0000000020009c89        0x1 CMakeFiles/z80_la.dir/tree/downloaded_tools/pico/pico-sdk/src/rp2_common/hardware_timer/timer.c.obj
 *(COMMON)
 *fill*         0x0000000020009c8a        0x2 
 COMMON         0x0000000020009c8c        0x4 CMakeFiles/z80_la.dir/tree/downloaded_tools/pico/pico-sdk/src/rp2_common/hardware_uart/uart.c.obj
                0x0000000020009c8c                uart_char_to_line_feed
 COMMON         0x0000000020009c90      0x100 CMakeFiles/z80_la.dir/tree/downloaded_tools/pico/pico-sdk/src/rp2_common/pico_double/double_init_rom.c.obj
                0x0000000020009c90                sd_table
 COMMON         0x0000000020009d90      0x100 CMakeFiles/z80_la.dir/tree/downloaded_tools/pico/pico-sdk/src/rp2_common/pico_float/float_init_rom.c.obj
                0x0000000020009d90                sf_table
 COMMON         0x0000000020009e90       0xc0 CMakeFiles/z80_la.dir/tree/downloaded_tools/pico/pico-sdk/lib/tinyusb/src/device/usbd.c.obj
                0x0000000020009e90                _usbd_qdef_buf
 COMMON         0x0000000020009f50        0x4 /usr/lib/gcc/arm-none-eabi/9.2.1/../../../arm-none-eabi/lib/thumb/v6-m/nofp/libc.a(lib_a-reent.o)
                0x0000000020009f50                errno
                0x0000000020009f54                . = ALIGN (0x4)
                0x0000000020009f54                __bss_end__ = .

.heap           0x0000000020009f54      0x800
                0x0000000020009f54                __end__ = .
                0x0000000020009f54                end = __end__
 *(.heap*)
 .heap          0x0000000020009f54      0x800 CMakeFiles/z80_la.dir/tree/downloaded_tools/pico/pico-sdk/src/rp2_common/pico_standard_link/crt0.S.obj
                0x000000002000a754                __HeapLimit = .

.stack1_dummy   0x0000000020040000        0x0
 *(.stack1*)

.stack_dummy    0x0000000020041000      0x800
 *(.stack*)
 .stack         0x0000000020041000      0x800 CMakeFiles/z80_la.dir/tree/downloaded_tools/pico/pico-sdk/src/rp2_common/pico_standard_link/crt0.S.obj

.flash_end      0x00000000100093cc        0x0
                0x00000000100093cc                __flash_binary_end = .
                0x0000000020040000                __StackLimit = (ORIGIN (RAM) + LENGTH (RAM))
                0x0000000020041000                __StackOneTop = (ORIGIN (SCRATCH_X) + LENGTH (SCRATCH_X))
                0x0000000020042000                __StackTop = (ORIGIN (SCRATCH_Y) + LENGTH (SCRATCH_Y))
                0x0000000020041000                __StackOneBottom = (__StackOneTop - SIZEOF (.stack1_dummy))
                0x0000000020041800                __StackBottom = (__StackTop - SIZEOF (.stack_dummy))
                0x0000000020042000                PROVIDE (__stack = __StackTop)
                0x0000000000000001                ASSERT ((__StackLimit >= __HeapLimit), region RAM overflowed)
                0x0000000000000001                ASSERT (((__binary_info_header_end - __logical_binary_start) <= 0x100), Binary info must be in first 256 bytes of the binary)
LOAD CMakeFiles/z80_la.dir/z80_la.c.obj
LOAD CMakeFiles/z80_la.dir/tree/downloaded_tools/pico/pico-sdk/src/rp2_common/pico_stdlib/stdlib.c.obj
LOAD CMakeFiles/z80_la.dir/tree/downloaded_tools/pico/pico-sdk/src/rp2_common/hardware_gpio/gpio.c.obj
LOAD CMakeFiles/z80_la.dir/tree/downloaded_tools/pico/pico-sdk/src/rp2_common/hardware_claim/claim.c.obj
LOAD CMakeFiles/z80_la.dir/tree/downloaded_tools/pico/pico-sdk/src/rp2_common/pico_platform/platform.c.obj
LOAD CMakeFiles/z80_la.dir/tree/downloaded_tools/pico/pico-sdk/src/rp2_common/hardware_sync/sync.c.obj
LOAD CMakeFiles/z80_la.dir/tree/downloaded_tools/pico/pico-sdk/src/rp2_common/hardware_irq/irq.c.obj
LOAD CMakeFiles/z80_la.dir/tree/downloaded_tools/pico/pico-sdk/src/rp2_common/hardware_irq/irq_handler_chain.S.obj
LOAD CMakeFiles/z80_la.dir/tree/downloaded_tools/pico/pico-sdk/src/common/pico_sync/sem.c.obj
LOAD CMakeFiles/z80_la.dir/tree/downloaded_tools/pico/pico-sdk/src/common/pico_sync/lock_core.c.obj
LOAD CMakeFiles/z80_la.dir/tree/downloaded_tools/pico/pico-sdk/src/common/pico_time/time.c.obj
LOAD CMakeFiles/z80_la.dir/tree/downloaded_tools/pico/pico-sdk/src/common/pico_time/timeout_helper.c.obj
LOAD CMakeFiles/z80_la.dir/tree/downloaded_tools/pico/pico-sdk/src/rp2_common/hardware_timer/timer.c.obj
LOAD CMakeFiles/z80_la.dir/tree/downloaded_tools/pico/pico-sdk/src/common/pico_util/datetime.c.obj
LOAD CMakeFiles/z80_la.dir/tree/downloaded_tools/pico/pico-sdk/src/common/pico_util/pheap.c.obj
LOAD CMakeFiles/z80_la.dir/tree/downloaded_tools/pico/pico-sdk/src/common/pico_util/queue.c.obj
LOAD CMakeFiles/z80_la.dir/tree/downloaded_tools/pico/pico-sdk/src/common/pico_sync/mutex.c.obj
LOAD CMakeFiles/z80_la.dir/tree/downloaded_tools/pico/pico-sdk/src/common/pico_sync/critical_section.c.obj
LOAD CMakeFiles/z80_la.dir/tree/downloaded_tools/pico/pico-sdk/src/rp2_common/hardware_uart/uart.c.obj
LOAD CMakeFiles/z80_la.dir/tree/downloaded_tools/pico/pico-sdk/src/rp2_common/hardware_divider/divider.S.obj
LOAD CMakeFiles/z80_la.dir/tree/downloaded_tools/pico/pico-sdk/src/rp2_common/pico_runtime/runtime.c.obj
LOAD CMakeFiles/z80_la.dir/tree/downloaded_tools/pico/pico-sdk/src/rp2_common/hardware_clocks/clocks.c.obj
LOAD CMakeFiles/z80_la.dir/tree/downloaded_tools/pico/pico-sdk/src/rp2_common/hardware_pll/pll.c.obj
LOAD CMakeFiles/z80_la.dir/tree/downloaded_tools/pico/pico-sdk/src/rp2_common/hardware_vreg/vreg.c.obj
LOAD CMakeFiles/z80_la.dir/tree/downloaded_tools/pico/pico-sdk/src/rp2_common/hardware_watchdog/watchdog.c.obj
LOAD CMakeFiles/z80_la.dir/tree/downloaded_tools/pico/pico-sdk/src/rp2_common/hardware_xosc/xosc.c.obj
LOAD CMakeFiles/z80_la.dir/tree/downloaded_tools/pico/pico-sdk/src/rp2_common/pico_printf/printf.c.obj
LOAD CMakeFiles/z80_la.dir/tree/downloaded_tools/pico/pico-sdk/src/rp2_common/pico_bit_ops/bit_ops_aeabi.S.obj
LOAD CMakeFiles/z80_la.dir/tree/downloaded_tools/pico/pico-sdk/src/rp2_common/pico_bootrom/bootrom.c.obj
LOAD CMakeFiles/z80_la.dir/tree/downloaded_tools/pico/pico-sdk/src/rp2_common/pico_divider/divider.S.obj
LOAD CMakeFiles/z80_la.dir/tree/downloaded_tools/pico/pico-sdk/src/rp2_common/pico_double/double_aeabi.S.obj
LOAD CMakeFiles/z80_la.dir/tree/downloaded_tools/pico/pico-sdk/src/rp2_common/pico_double/double_init_rom.c.obj
LOAD CMakeFiles/z80_la.dir/tree/downloaded_tools/pico/pico-sdk/src/rp2_common/pico_double/double_math.c.obj
LOAD CMakeFiles/z80_la.dir/tree/downloaded_tools/pico/pico-sdk/src/rp2_common/pico_double/double_v1_rom_shim.S.obj
LOAD CMakeFiles/z80_la.dir/tree/downloaded_tools/pico/pico-sdk/src/rp2_common/pico_int64_ops/pico_int64_ops_aeabi.S.obj
LOAD CMakeFiles/z80_la.dir/tree/downloaded_tools/pico/pico-sdk/src/rp2_common/pico_float/float_aeabi.S.obj
LOAD CMakeFiles/z80_la.dir/tree/downloaded_tools/pico/pico-sdk/src/rp2_common/pico_float/float_init_rom.c.obj
LOAD CMakeFiles/z80_la.dir/tree/downloaded_tools/pico/pico-sdk/src/rp2_common/pico_float/float_math.c.obj
LOAD CMakeFiles/z80_la.dir/tree/downloaded_tools/pico/pico-sdk/src/rp2_common/pico_float/float_v1_rom_shim.S.obj
LOAD CMakeFiles/z80_la.dir/tree/downloaded_tools/pico/pico-sdk/src/rp2_common/pico_malloc/pico_malloc.c.obj
LOAD CMakeFiles/z80_la.dir/tree/downloaded_tools/pico/pico-sdk/src/rp2_common/pico_mem_ops/mem_ops_aeabi.S.obj
LOAD CMakeFiles/z80_la.dir/tree/downloaded_tools/pico/pico-sdk/src/rp2_common/pico_standard_link/crt0.S.obj
LOAD CMakeFiles/z80_la.dir/tree/downloaded_tools/pico/pico-sdk/src/rp2_common/pico_standard_link/new_delete.cpp.obj
LOAD CMakeFiles/z80_la.dir/tree/downloaded_tools/pico/pico-sdk/src/rp2_common/pico_standard_link/binary_info.c.obj
LOAD CMakeFiles/z80_la.dir/tree/downloaded_tools/pico/pico-sdk/src/rp2_common/pico_stdio/stdio.c.obj
LOAD CMakeFiles/z80_la.dir/tree/downloaded_tools/pico/pico-sdk/src/rp2_common/pico_stdio_uart/stdio_uart.c.obj
LOAD CMakeFiles/z80_la.dir/tree/downloaded_tools/pico/pico-sdk/src/rp2_common/pico_stdio_usb/reset_interface.c.obj
LOAD CMakeFiles/z80_la.dir/tree/downloaded_tools/pico/pico-sdk/src/rp2_common/pico_stdio_usb/stdio_usb.c.obj
LOAD CMakeFiles/z80_la.dir/tree/downloaded_tools/pico/pico-sdk/src/rp2_common/pico_stdio_usb/stdio_usb_descriptors.c.obj
LOAD CMakeFiles/z80_la.dir/tree/downloaded_tools/pico/pico-sdk/lib/tinyusb/src/portable/raspberrypi/rp2040/dcd_rp2040.c.obj
LOAD CMakeFiles/z80_la.dir/tree/downloaded_tools/pico/pico-sdk/lib/tinyusb/src/portable/raspberrypi/rp2040/rp2040_usb.c.obj
LOAD CMakeFiles/z80_la.dir/tree/downloaded_tools/pico/pico-sdk/lib/tinyusb/src/device/usbd.c.obj
LOAD CMakeFiles/z80_la.dir/tree/downloaded_tools/pico/pico-sdk/lib/tinyusb/src/device/usbd_control.c.obj
LOAD CMakeFiles/z80_la.dir/tree/downloaded_tools/pico/pico-sdk/lib/tinyusb/src/class/audio/audio_device.c.obj
LOAD CMakeFiles/z80_la.dir/tree/downloaded_tools/pico/pico-sdk/lib/tinyusb/src/class/cdc/cdc_device.c.obj